Archive member included to satisfy reference by file (symbol)

C:/ST/STM32CubeIDE_1.16.0/STM32CubeIDE/plugins/com.st.stm32cube.ide.mcu.externaltools.gnu-tools-for-stm32.12.3.rel1.win32_1.0.200.202406191623/tools/bin/../lib/gcc/arm-none-eabi/12.3.1/../../../../arm-none-eabi/lib/thumb/v7e-m+fp/hard\libc_nano.a(libc_a-exit.o)
                              C:/ST/STM32CubeIDE_1.16.0/STM32CubeIDE/plugins/com.st.stm32cube.ide.mcu.externaltools.gnu-tools-for-stm32.12.3.rel1.win32_1.0.200.202406191623/tools/bin/../lib/gcc/arm-none-eabi/12.3.1/../../../../arm-none-eabi/lib/thumb/v7e-m+fp/hard/crt0.o (exit)
C:/ST/STM32CubeIDE_1.16.0/STM32CubeIDE/plugins/com.st.stm32cube.ide.mcu.externaltools.gnu-tools-for-stm32.12.3.rel1.win32_1.0.200.202406191623/tools/bin/../lib/gcc/arm-none-eabi/12.3.1/../../../../arm-none-eabi/lib/thumb/v7e-m+fp/hard\libc_nano.a(libc_a-findfp.o)
                              C:/ST/STM32CubeIDE_1.16.0/STM32CubeIDE/plugins/com.st.stm32cube.ide.mcu.externaltools.gnu-tools-for-stm32.12.3.rel1.win32_1.0.200.202406191623/tools/bin/../lib/gcc/arm-none-eabi/12.3.1/../../../../arm-none-eabi/lib/thumb/v7e-m+fp/hard\libc_nano.a(libc_a-exit.o) (__stdio_exit_handler)
C:/ST/STM32CubeIDE_1.16.0/STM32CubeIDE/plugins/com.st.stm32cube.ide.mcu.externaltools.gnu-tools-for-stm32.12.3.rel1.win32_1.0.200.202406191623/tools/bin/../lib/gcc/arm-none-eabi/12.3.1/../../../../arm-none-eabi/lib/thumb/v7e-m+fp/hard\libc_nano.a(libc_a-fwalk.o)
                              C:/ST/STM32CubeIDE_1.16.0/STM32CubeIDE/plugins/com.st.stm32cube.ide.mcu.externaltools.gnu-tools-for-stm32.12.3.rel1.win32_1.0.200.202406191623/tools/bin/../lib/gcc/arm-none-eabi/12.3.1/../../../../arm-none-eabi/lib/thumb/v7e-m+fp/hard\libc_nano.a(libc_a-findfp.o) (_fwalk_sglue)
C:/ST/STM32CubeIDE_1.16.0/STM32CubeIDE/plugins/com.st.stm32cube.ide.mcu.externaltools.gnu-tools-for-stm32.12.3.rel1.win32_1.0.200.202406191623/tools/bin/../lib/gcc/arm-none-eabi/12.3.1/../../../../arm-none-eabi/lib/thumb/v7e-m+fp/hard\libc_nano.a(libc_a-sprintf.o)
                              ./Core/Src/main.o (sprintf)
C:/ST/STM32CubeIDE_1.16.0/STM32CubeIDE/plugins/com.st.stm32cube.ide.mcu.externaltools.gnu-tools-for-stm32.12.3.rel1.win32_1.0.200.202406191623/tools/bin/../lib/gcc/arm-none-eabi/12.3.1/../../../../arm-none-eabi/lib/thumb/v7e-m+fp/hard\libc_nano.a(libc_a-stdio.o)
                              C:/ST/STM32CubeIDE_1.16.0/STM32CubeIDE/plugins/com.st.stm32cube.ide.mcu.externaltools.gnu-tools-for-stm32.12.3.rel1.win32_1.0.200.202406191623/tools/bin/../lib/gcc/arm-none-eabi/12.3.1/../../../../arm-none-eabi/lib/thumb/v7e-m+fp/hard\libc_nano.a(libc_a-findfp.o) (__sread)
C:/ST/STM32CubeIDE_1.16.0/STM32CubeIDE/plugins/com.st.stm32cube.ide.mcu.externaltools.gnu-tools-for-stm32.12.3.rel1.win32_1.0.200.202406191623/tools/bin/../lib/gcc/arm-none-eabi/12.3.1/../../../../arm-none-eabi/lib/thumb/v7e-m+fp/hard\libc_nano.a(libc_a-memset.o)
                              C:/ST/STM32CubeIDE_1.16.0/STM32CubeIDE/plugins/com.st.stm32cube.ide.mcu.externaltools.gnu-tools-for-stm32.12.3.rel1.win32_1.0.200.202406191623/tools/bin/../lib/gcc/arm-none-eabi/12.3.1/../../../../arm-none-eabi/lib/thumb/v7e-m+fp/hard/crt0.o (memset)
C:/ST/STM32CubeIDE_1.16.0/STM32CubeIDE/plugins/com.st.stm32cube.ide.mcu.externaltools.gnu-tools-for-stm32.12.3.rel1.win32_1.0.200.202406191623/tools/bin/../lib/gcc/arm-none-eabi/12.3.1/../../../../arm-none-eabi/lib/thumb/v7e-m+fp/hard\libc_nano.a(libc_a-closer.o)
                              C:/ST/STM32CubeIDE_1.16.0/STM32CubeIDE/plugins/com.st.stm32cube.ide.mcu.externaltools.gnu-tools-for-stm32.12.3.rel1.win32_1.0.200.202406191623/tools/bin/../lib/gcc/arm-none-eabi/12.3.1/../../../../arm-none-eabi/lib/thumb/v7e-m+fp/hard\libc_nano.a(libc_a-stdio.o) (_close_r)
C:/ST/STM32CubeIDE_1.16.0/STM32CubeIDE/plugins/com.st.stm32cube.ide.mcu.externaltools.gnu-tools-for-stm32.12.3.rel1.win32_1.0.200.202406191623/tools/bin/../lib/gcc/arm-none-eabi/12.3.1/../../../../arm-none-eabi/lib/thumb/v7e-m+fp/hard\libc_nano.a(libc_a-reent.o)
                              C:/ST/STM32CubeIDE_1.16.0/STM32CubeIDE/plugins/com.st.stm32cube.ide.mcu.externaltools.gnu-tools-for-stm32.12.3.rel1.win32_1.0.200.202406191623/tools/bin/../lib/gcc/arm-none-eabi/12.3.1/../../../../arm-none-eabi/lib/thumb/v7e-m+fp/hard\libc_nano.a(libc_a-closer.o) (errno)
C:/ST/STM32CubeIDE_1.16.0/STM32CubeIDE/plugins/com.st.stm32cube.ide.mcu.externaltools.gnu-tools-for-stm32.12.3.rel1.win32_1.0.200.202406191623/tools/bin/../lib/gcc/arm-none-eabi/12.3.1/../../../../arm-none-eabi/lib/thumb/v7e-m+fp/hard\libc_nano.a(libc_a-impure.o)
                              C:/ST/STM32CubeIDE_1.16.0/STM32CubeIDE/plugins/com.st.stm32cube.ide.mcu.externaltools.gnu-tools-for-stm32.12.3.rel1.win32_1.0.200.202406191623/tools/bin/../lib/gcc/arm-none-eabi/12.3.1/../../../../arm-none-eabi/lib/thumb/v7e-m+fp/hard\libc_nano.a(libc_a-sprintf.o) (_impure_ptr)
[...]
Memory Configuration

Name             Origin             Length             Attributes
RAM              0x20000000         0x00010000         xrw
FLASH            0x08000000         0x00040000         xr
*default*        0x00000000         0xffffffff

Linker script and memory map

LOAD C:/ST/STM32CubeIDE_1.16.0/STM32CubeIDE/plugins/com.st.stm32cube.ide.mcu.externaltools.gnu-tools-for-stm32.12.3.rel1.win32_1.0.200.202406191623/tools/bin/../lib/gcc/arm-none-eabi/12.3.1/thumb/v7e-m+fp/hard/crti.o
LOAD C:/ST/STM32CubeIDE_1.16.0/STM32CubeIDE/plugins/com.st.stm32cube.ide.mcu.externaltools.gnu-tools-for-stm32.12.3.rel1.win32_1.0.200.202406191623/tools/bin/../lib/gcc/arm-none-eabi/12.3.1/thumb/v7e-m+fp/hard/crtbegin.o
LOAD C:/ST/STM32CubeIDE_1.16.0/STM32CubeIDE/plugins/com.st.stm32cube.ide.mcu.externaltools.gnu-tools-for-stm32.12.3.rel1.win32_1.0.200.202406191623/tools/bin/../lib/gcc/arm-none-eabi/12.3.1/../../../../arm-none-eabi/lib/thumb/v7e-m+fp/hard/crt0.o
LOAD ./Core/Src/fonts.o
LOAD ./Core/Src/main.o
LOAD ./Core/Src/ssd1306.o
LOAD ./Core/Src/stm32f4xx_hal_msp.o
LOAD ./Core/Src/stm32f4xx_hal_timebase_tim.o
LOAD ./Core/Src/stm32f4xx_it.o
LOAD ./Core/Src/syscalls.o
LOAD ./Core/Src/system_stm32f4xx.o
LOAD ./Core/Startup/startup_stm32f401ccux.o
LOAD ./Drivers/STM32F4xx_HAL_Driver/Src/stm32f4xx_hal.o
LOAD ./Drivers/STM32F4xx_HAL_Driver/Src/stm32f4xx_hal_adc.o
LOAD ./Drivers/STM32F4xx_HAL_Driver/Src/stm32f4xx_hal_adc_ex.o
LOAD ./Drivers/STM32F4xx_HAL_Driver/Src/stm32f4xx_hal_cortex.o
LOAD ./Drivers/STM32F4xx_HAL_Driver/Src/stm32f4xx_hal_dma.o
LOAD ./Drivers/STM32F4xx_HAL_Driver/Src/stm32f4xx_hal_dma_ex.o
LOAD ./Drivers/STM32F4xx_HAL_Driver/Src/stm32f4xx_hal_exti.o
LOAD ./Drivers/STM32F4xx_HAL_Driver/Src/stm32f4xx_hal_flash.o
LOAD ./Drivers/STM32F4xx_HAL_Driver/Src/stm32f4xx_hal_flash_ex.o
LOAD ./Drivers/STM32F4xx_HAL_Driver/Src/stm32f4xx_hal_flash_ramfunc.o
LOAD ./Drivers/STM32F4xx_HAL_Driver/Src/stm32f4xx_hal_gpio.o
LOAD ./Drivers/STM32F4xx_HAL_Driver/Src/stm32f4xx_hal_i2c.o
LOAD ./Drivers/STM32F4xx_HAL_Driver/Src/stm32f4xx_hal_i2c_ex.o
LOAD ./Drivers/STM32F4xx_HAL_Driver/Src/stm32f4xx_hal_pwr.o
LOAD ./Drivers/STM32F4xx_HAL_Driver/Src/stm32f4xx_hal_pwr_ex.o
LOAD ./Drivers/STM32F4xx_HAL_Driver/Src/stm32f4xx_hal_rcc.o
LOAD ./Drivers/STM32F4xx_HAL_Driver/Src/stm32f4xx_hal_rcc_ex.o
LOAD ./Drivers/STM32F4xx_HAL_Driver/Src/stm32f4xx_hal_tim.o
LOAD ./Drivers/STM32F4xx_HAL_Driver/Src/stm32f4xx_hal_tim_ex.o
LOAD ./Drivers/STM32F4xx_HAL_Driver/Src/stm32f4xx_hal_uart.o
LOAD ./Drivers/STM32F4xx_HAL_Driver/Src/stm32f4xx_ll_adc.o
LOAD ./ThirdParty/FreeRTOS/Source/croutine.o
LOAD ./ThirdParty/FreeRTOS/Source/event_groups.o
LOAD ./ThirdParty/FreeRTOS/Source/list.o
LOAD ./ThirdParty/FreeRTOS/Source/queue.o
LOAD ./ThirdParty/FreeRTOS/Source/stream_buffer.o
LOAD ./ThirdParty/FreeRTOS/Source/tasks.o
LOAD ./ThirdParty/FreeRTOS/Source/timers.o
LOAD ./ThirdParty/FreeRTOS/Source/portable/GCC/ARM_CM4F/port.o
LOAD ./ThirdParty/FreeRTOS/Source/portable/MemMang/heap_4.o
START GROUP
LOAD C:/ST/STM32CubeIDE_1.16.0/STM32CubeIDE/plugins/com.st.stm32cube.ide.mcu.externaltools.gnu-tools-for-stm32.12.3.rel1.win32_1.0.200.202406191623/tools/bin/../lib/gcc/arm-none-eabi/12.3.1/../../../../arm-none-eabi/lib/thumb/v7e-m+fp/hard\libc_nano.a
LOAD C:/ST/STM32CubeIDE_1.16.0/STM32CubeIDE/plugins/com.st.stm32cube.ide.mcu.externaltools.gnu-tools-for-stm32.12.3.rel1.win32_1.0.200.202406191623/tools/bin/../lib/gcc/arm-none-eabi/12.3.1/../../../../arm-none-eabi/lib/thumb/v7e-m+fp/hard\libm.a
END GROUP
START GROUP
LOAD C:/ST/STM32CubeIDE_1.16.0/STM32CubeIDE/plugins/com.st.stm32cube.ide.mcu.externaltools.gnu-tools-for-stm32.12.3.rel1.win32_1.0.200.202406191623/tools/bin/../lib/gcc/arm-none-eabi/12.3.1/thumb/v7e-m+fp/hard\libgcc.a
LOAD C:/ST/STM32CubeIDE_1.16.0/STM32CubeIDE/plugins/com.st.stm32cube.ide.mcu.externaltools.gnu-tools-for-stm32.12.3.rel1.win32_1.0.200.202406191623/tools/bin/../lib/gcc/arm-none-eabi/12.3.1/../../../../arm-none-eabi/lib/thumb/v7e-m+fp/hard\libc_nano.a
END GROUP
START GROUP
LOAD C:/ST/STM32CubeIDE_1.16.0/STM32CubeIDE/plugins/com.st.stm32cube.ide.mcu.externaltools.gnu-tools-for-stm32.12.3.rel1.win32_1.0.200.202406191623/tools/bin/../lib/gcc/arm-none-eabi/12.3.1/thumb/v7e-m+fp/hard\libgcc.a
LOAD C:/ST/STM32CubeIDE_1.16.0/STM32CubeIDE/plugins/com.st.stm32cube.ide.mcu.externaltools.gnu-tools-for-stm32.12.3.rel1.win32_1.0.200.202406191623/tools/bin/../lib/gcc/arm-none-eabi/12.3.1/../../../../arm-none-eabi/lib/thumb/v7e-m+fp/hard\libc_nano.a
LOAD C:/ST/STM32CubeIDE_1.16.0/STM32CubeIDE/plugins/com.st.stm32cube.ide.mcu.externaltools.gnu-tools-for-stm32.12.3.rel1.win32_1.0.200.202406191623/tools/bin/../lib/gcc/arm-none-eabi/12.3.1/../../../../arm-none-eabi/lib/thumb/v7e-m+fp/hard\libnosys.a
END GROUP
START GROUP
LOAD C:/ST/STM32CubeIDE_1.16.0/STM32CubeIDE/plugins/com.st.stm32cube.ide.mcu.externaltools.gnu-tools-for-stm32.12.3.rel1.win32_1.0.200.202406191623/tools/bin/../lib/gcc/arm-none-eabi/12.3.1/thumb/v7e-m+fp/hard\libgcc.a
LOAD C:/ST/STM32CubeIDE_1.16.0/STM32CubeIDE/plugins/com.st.stm32cube.ide.mcu.externaltools.gnu-tools-for-stm32.12.3.rel1.win32_1.0.200.202406191623/tools/bin/../lib/gcc/arm-none-eabi/12.3.1/../../../../arm-none-eabi/lib/thumb/v7e-m+fp/hard\libc_nano.a
LOAD C:/ST/STM32CubeIDE_1.16.0/STM32CubeIDE/plugins/com.st.stm32cube.ide.mcu.externaltools.gnu-tools-for-stm32.12.3.rel1.win32_1.0.200.202406191623/tools/bin/../lib/gcc/arm-none-eabi/12.3.1/../../../../arm-none-eabi/lib/thumb/v7e-m+fp/hard\libnosys.a
END GROUP
LOAD C:/ST/STM32CubeIDE_1.16.0/STM32CubeIDE/plugins/com.st.stm32cube.ide.mcu.externaltools.gnu-tools-for-stm32.12.3.rel1.win32_1.0.200.202406191623/tools/bin/../lib/gcc/arm-none-eabi/12.3.1/thumb/v7e-m+fp/hard/crtend.o
LOAD C:/ST/STM32CubeIDE_1.16.0/STM32CubeIDE/plugins/com.st.stm32cube.ide.mcu.externaltools.gnu-tools-for-stm32.12.3.rel1.win32_1.0.200.202406191623/tools/bin/../lib/gcc/arm-none-eabi/12.3.1/thumb/v7e-m+fp/hard/crtn.o
                0x20010000                        _estack = (ORIGIN (RAM) + LENGTH (RAM))
                0x00000200                        _Min_Heap_Size = 0x200
                0x00000400                        _Min_Stack_Size = 0x400

.isr_vector     0x08000000      0x194
                0x08000000                        . = ALIGN (0x4)
 *(.isr_vector)
 .isr_vector    0x08000000      0x194 ./Core/Startup/startup_stm32f401ccux.o
                0x08000000                g_pfnVectors
                0x08000194                        . = ALIGN (0x4)

.text           0x080001a0     0x74e4
                0x080001a0                        . = ALIGN (0x4)
 *(.text)
 .text          0x080001a0       0x40 C:/ST/STM32CubeIDE_1.16.0/STM32CubeIDE/plugins/com.st.stm32cube.ide.mcu.externaltools.gnu-tools-for-stm32.12.3.rel1.win32_1.0.200.202406191623/tools/bin/../lib/gcc/arm-none-eabi/12.3.1/thumb/v7e-m+fp/hard/crtbegin.o
 .text          0x080001e0       0xa0 C:/ST/STM32CubeIDE_1.16.0/STM32CubeIDE/plugins/com.st.stm32cube.ide.mcu.externaltools.gnu-tools-for-stm32.12.3.rel1.win32_1.0.200.202406191623/tools/bin/../lib/gcc/arm-none-eabi/12.3.1/../../../../arm-none-eabi/lib/thumb/v7e-m+fp/hard\libc_nano.a(libc_a-memchr.o)
                0x080001e0                memchr
 .text          0x08000280      0x378 C:/ST/STM32CubeIDE_1.16.0/STM32CubeIDE/plugins/com.st.stm32cube.ide.mcu.externaltools.gnu-tools-for-stm32.12.3.rel1.win32_1.0.200.202406191623/tools/bin/../lib/gcc/arm-none-eabi/12.3.1/thumb/v7e-m+fp/hard\libgcc.a(_arm_addsubdf3.o)
                0x08000280                __aeabi_drsub
                0x08000288                __aeabi_dsub
                0x08000288                __subdf3
                0x0800028c                __aeabi_dadd
                0x0800028c                __adddf3
                0x08000504                __floatunsidf
                0x08000504                __aeabi_ui2d
                0x08000524                __floatsidf
                0x08000524                __aeabi_i2d
                0x08000548                __aeabi_f2d
                0x08000548                __extendsfdf2
                0x0800058c                __floatundidf
                0x0800058c                __aeabi_ul2d
                0x0800059c                __floatdidf
                0x0800059c                __aeabi_l2d
 .text          0x080005f8      0x424 C:/ST/STM32CubeIDE_1.16.0/STM32CubeIDE/plugins/com.st.stm32cube.ide.mcu.externaltools.gnu-tools-for-stm32.12.3.rel1.win32_1.0.200.202406191623/tools/bin/../lib/gcc/arm-none-eabi/12.3.1/thumb/v7e-m+fp/hard\libgcc.a(_arm_muldivdf3.o)
                0x080005f8                __aeabi_dmul
                0x080005f8                __muldf3
                0x0800084c                __divdf3
                0x0800084c                __aeabi_ddiv
 .text          0x08000a1c       0x40 C:/ST/STM32CubeIDE_1.16.0/STM32CubeIDE/plugins/com.st.stm32cube.ide.mcu.externaltools.gnu-tools-for-stm32.12.3.rel1.win32_1.0.200.202406191623/tools/bin/../lib/gcc/arm-none-eabi/12.3.1/thumb/v7e-m+fp/hard\libgcc.a(_arm_fixunsdfsi.o)
                0x08000a1c                __aeabi_d2uiz
                0x08000a1c                __fixunsdfsi
 .text          0x08000a5c       0x30 C:/ST/STM32CubeIDE_1.16.0/STM32CubeIDE/plugins/com.st.stm32cube.ide.mcu.externaltools.gnu-tools-for-stm32.12.3.rel1.win32_1.0.200.202406191623/tools/bin/../lib/gcc/arm-none-eabi/12.3.1/thumb/v7e-m+fp/hard\libgcc.a(_aeabi_uldivmod.o)
                0x08000a5c                __aeabi_uldivmod
 .text          0x08000a8c      0x2bc C:/ST/STM32CubeIDE_1.16.0/STM32CubeIDE/plugins/com.st.stm32cube.ide.mcu.externaltools.gnu-tools-for-stm32.12.3.rel1.win32_1.0.200.202406191623/tools/bin/../lib/gcc/arm-none-eabi/12.3.1/thumb/v7e-m+fp/hard\libgcc.a(_udivmoddi4.o)
                0x08000a8c                __udivmoddi4
 .text          0x08000d48        0x4 C:/ST/STM32CubeIDE_1.16.0/STM32CubeIDE/plugins/com.st.stm32cube.ide.mcu.externaltools.gnu-tools-for-stm32.12.3.rel1.win32_1.0.200.202406191623/tools/bin/../lib/gcc/arm-none-eabi/12.3.1/thumb/v7e-m+fp/hard\libgcc.a(_dvmd_tls.o)
                0x08000d48                __aeabi_idiv0
                0x08000d48                __aeabi_ldiv0
 *(.text*)
 .text.update_task_priorities
                0x08000d4c       0x90 ./Core/Src/main.o
                0x08000d4c                update_task_priorities
 *fill*         0x08000ddc        0x4 
 .text.task1_handler
                0x08000de0      0x174 ./Core/Src/main.o
 .text.task2_handler
                0x08000f54       0xc4 ./Core/Src/main.o
 .text.SystemClock_Config
                0x08001018       0xd4 ./Core/Src/main.o
                0x08001018                SystemClock_Config
 .text.MX_I2C1_Init
                0x080010ec       0x5c ./Core/Src/main.o
 .text.MX_TIM1_Init
                0x08001148       0x94 ./Core/Src/main.o
 .text.MX_GPIO_Init
                0x080011dc       0x58 ./Core/Src/main.o
 .text.create_semaphores
                0x08001234       0x3c ./Core/Src/main.o
                0x08001234                create_semaphores
 .text.main     0x08001270       0xd4 ./Core/Src/main.o
                0x08001270                main
 .text.Error_Handler
                0x08001344        0xc ./Core/Src/main.o
                0x08001344                Error_Handler
 .text.SSD1306_Init
                0x08001350      0x188 ./Core/Src/ssd1306.o
                0x08001350                SSD1306_Init
 .text.SSD1306_UpdateScreen
                0x080014d8       0x5c ./Core/Src/ssd1306.o
                0x080014d8                SSD1306_UpdateScreen
 .text.SSD1306_Fill
                0x08001534       0x30 ./Core/Src/ssd1306.o
                0x08001534                SSD1306_Fill
 .text.SSD1306_DrawPixel
                0x08001564       0xc0 ./Core/Src/ssd1306.o
                0x08001564                SSD1306_DrawPixel
 .text.SSD1306_GotoXY
                0x08001624       0x2c ./Core/Src/ssd1306.o
                0x08001624                SSD1306_GotoXY
 .text.SSD1306_Putc
                0x08001650       0xfc ./Core/Src/ssd1306.o
                0x08001650                SSD1306_Putc
 .text.SSD1306_Puts
                0x0800174c       0x4a ./Core/Src/ssd1306.o
                0x0800174c                SSD1306_Puts
 *fill*         0x08001796        0x2 
 .text.ssd1306_I2C_Init
                0x08001798       0x2c ./Core/Src/ssd1306.o
                0x08001798                ssd1306_I2C_Init
 .text.ssd1306_I2C_WriteMulti
                0x080017c4       0xcc ./Core/Src/ssd1306.o
                0x080017c4                ssd1306_I2C_WriteMulti
 .text.ssd1306_I2C_Write
                0x08001890       0x3c ./Core/Src/ssd1306.o
                0x08001890                ssd1306_I2C_Write
 .text.HAL_MspInit
                0x080018cc       0x50 ./Core/Src/stm32f4xx_hal_msp.o
                0x080018cc                HAL_MspInit
 .text.HAL_I2C_MspInit
                0x0800191c       0x90 ./Core/Src/stm32f4xx_hal_msp.o
                0x0800191c                HAL_I2C_MspInit
 .text.HAL_TIM_Base_MspInit
                0x080019ac       0x44 ./Core/Src/stm32f4xx_hal_msp.o
                0x080019ac                HAL_TIM_Base_MspInit
 .text.HAL_InitTick
                0x080019f0       0xf8 ./Core/Src/stm32f4xx_hal_timebase_tim.o
                0x080019f0                HAL_InitTick
 .text.NMI_Handler
                0x08001ae8        0x8 ./Core/Src/stm32f4xx_it.o
                0x08001ae8                NMI_Handler
 .text.HardFault_Handler
                0x08001af0        0x8 ./Core/Src/stm32f4xx_it.o
                0x08001af0                HardFault_Handler
 .text.MemManage_Handler
                0x08001af8        0x8 ./Core/Src/stm32f4xx_it.o
                0x08001af8                MemManage_Handler
 .text.BusFault_Handler
                0x08001b00        0x8 ./Core/Src/stm32f4xx_it.o
                0x08001b00                BusFault_Handler
 .text.UsageFault_Handler
                0x08001b08        0x8 ./Core/Src/stm32f4xx_it.o
                0x08001b08                UsageFault_Handler
 .text.DebugMon_Handler
                0x08001b10        0xe ./Core/Src/stm32f4xx_it.o
                0x08001b10                DebugMon_Handler
 *fill*         0x08001b1e        0x2 
 .text.TIM2_IRQHandler
                0x08001b20       0x14 ./Core/Src/stm32f4xx_it.o
                0x08001b20                TIM2_IRQHandler
 .text.SystemInit
                0x08001b34       0x24 ./Core/Src/system_stm32f4xx.o
                0x08001b34                SystemInit
 .text.Reset_Handler
                0x08001b58       0x50 ./Core/Startup/startup_stm32f401ccux.o
                0x08001b58                Reset_Handler
 .text.Default_Handler
                0x08001ba8        0x2 ./Core/Startup/startup_stm32f401ccux.o
                0x08001ba8                RTC_Alarm_IRQHandler
                0x08001ba8                EXTI2_IRQHandler
                0x08001ba8                SPI4_IRQHandler
                0x08001ba8                TIM1_CC_IRQHandler
                0x08001ba8                DMA2_Stream5_IRQHandler
                0x08001ba8                DMA1_Stream5_IRQHandler
                0x08001ba8                PVD_IRQHandler
                0x08001ba8                SDIO_IRQHandler
                0x08001ba8                TAMP_STAMP_IRQHandler
                0x08001ba8                EXTI3_IRQHandler
                0x08001ba8                TIM1_UP_TIM10_IRQHandler
                0x08001ba8                I2C3_ER_IRQHandler
                0x08001ba8                EXTI0_IRQHandler
                0x08001ba8                I2C2_EV_IRQHandler
                0x08001ba8                DMA1_Stream2_IRQHandler
                0x08001ba8                FPU_IRQHandler
                0x08001ba8                DMA2_Stream2_IRQHandler
                0x08001ba8                SPI1_IRQHandler
                0x08001ba8                TIM1_BRK_TIM9_IRQHandler
                0x08001ba8                DMA2_Stream3_IRQHandler
                0x08001ba8                USART6_IRQHandler
                0x08001ba8                DMA2_Stream0_IRQHandler
                0x08001ba8                TIM4_IRQHandler
                0x08001ba8                I2C1_EV_IRQHandler
                0x08001ba8                DMA1_Stream6_IRQHandler
                0x08001ba8                DMA1_Stream1_IRQHandler
                0x08001ba8                TIM3_IRQHandler
                0x08001ba8                RCC_IRQHandler
                0x08001ba8                Default_Handler
                0x08001ba8                EXTI15_10_IRQHandler
                0x08001ba8                ADC_IRQHandler
                0x08001ba8                DMA1_Stream7_IRQHandler
                0x08001ba8                TIM5_IRQHandler
                0x08001ba8                DMA2_Stream7_IRQHandler
                0x08001ba8                I2C3_EV_IRQHandler
                0x08001ba8                EXTI9_5_IRQHandler
                0x08001ba8                RTC_WKUP_IRQHandler
                0x08001ba8                SPI2_IRQHandler
                0x08001ba8                DMA1_Stream0_IRQHandler
                0x08001ba8                EXTI4_IRQHandler
                0x08001ba8                WWDG_IRQHandler
                0x08001ba8                OTG_FS_WKUP_IRQHandler
                0x08001ba8                TIM1_TRG_COM_TIM11_IRQHandler
                0x08001ba8                EXTI1_IRQHandler
                0x08001ba8                USART2_IRQHandler
                0x08001ba8                I2C2_ER_IRQHandler
                0x08001ba8                DMA2_Stream1_IRQHandler
                0x08001ba8                FLASH_IRQHandler
                0x08001ba8                DMA2_Stream4_IRQHandler
                0x08001ba8                USART1_IRQHandler
                0x08001ba8                OTG_FS_IRQHandler
                0x08001ba8                SPI3_IRQHandler
                0x08001ba8                DMA1_Stream4_IRQHandler
                0x08001ba8                I2C1_ER_IRQHandler
                0x08001ba8                DMA2_Stream6_IRQHandler
                0x08001ba8                DMA1_Stream3_IRQHandler
 *fill*         0x08001baa        0x2 
 .text.HAL_Init
                0x08001bac       0x44 ./Drivers/STM32F4xx_HAL_Driver/Src/stm32f4xx_hal.o
                0x08001bac                HAL_Init
 .text.HAL_GetTick
                0x08001bf0       0x18 ./Drivers/STM32F4xx_HAL_Driver/Src/stm32f4xx_hal.o
                0x08001bf0                HAL_GetTick
 .text.__NVIC_SetPriorityGrouping
                0x08001c08       0x48 ./Drivers/STM32F4xx_HAL_Driver/Src/stm32f4xx_hal_cortex.o
 .text.__NVIC_GetPriorityGrouping
                0x08001c50       0x1c ./Drivers/STM32F4xx_HAL_Driver/Src/stm32f4xx_hal_cortex.o
 .text.__NVIC_EnableIRQ
                0x08001c6c       0x3c ./Drivers/STM32F4xx_HAL_Driver/Src/stm32f4xx_hal_cortex.o
 .text.__NVIC_SetPriority
                0x08001ca8       0x54 ./Drivers/STM32F4xx_HAL_Driver/Src/stm32f4xx_hal_cortex.o
 .text.NVIC_EncodePriority
                0x08001cfc       0x66 ./Drivers/STM32F4xx_HAL_Driver/Src/stm32f4xx_hal_cortex.o
 .text.HAL_NVIC_SetPriorityGrouping
                0x08001d62       0x16 ./Drivers/STM32F4xx_HAL_Driver/Src/stm32f4xx_hal_cortex.o
                0x08001d62                HAL_NVIC_SetPriorityGrouping
 .text.HAL_NVIC_SetPriority
                0x08001d78       0x38 ./Drivers/STM32F4xx_HAL_Driver/Src/stm32f4xx_hal_cortex.o
                0x08001d78                HAL_NVIC_SetPriority
 .text.HAL_NVIC_EnableIRQ
                0x08001db0       0x1c ./Drivers/STM32F4xx_HAL_Driver/Src/stm32f4xx_hal_cortex.o
                0x08001db0                HAL_NVIC_EnableIRQ
 .text.HAL_GPIO_Init
                0x08001dcc      0x308 ./Drivers/STM32F4xx_HAL_Driver/Src/stm32f4xx_hal_gpio.o
                0x08001dcc                HAL_GPIO_Init
 .text.HAL_GPIO_ReadPin
                0x080020d4       0x30 ./Drivers/STM32F4xx_HAL_Driver/Src/stm32f4xx_hal_gpio.o
                0x080020d4                HAL_GPIO_ReadPin
 .text.HAL_GPIO_WritePin
                0x08002104       0x32 ./Drivers/STM32F4xx_HAL_Driver/Src/stm32f4xx_hal_gpio.o
                0x08002104                HAL_GPIO_WritePin
 *fill*         0x08002136        0x2 
 .text.HAL_I2C_Init
                0x08002138      0x288 ./Drivers/STM32F4xx_HAL_Driver/Src/stm32f4xx_hal_i2c.o
                0x08002138                HAL_I2C_Init
 .text.HAL_I2C_Master_Transmit
                0x080023c0      0x1fc ./Drivers/STM32F4xx_HAL_Driver/Src/stm32f4xx_hal_i2c.o
                0x080023c0                HAL_I2C_Master_Transmit
 .text.HAL_I2C_IsDeviceReady
                0x080025bc      0x25c ./Drivers/STM32F4xx_HAL_Driver/Src/stm32f4xx_hal_i2c.o
                0x080025bc                HAL_I2C_IsDeviceReady
 .text.I2C_MasterRequestWrite
                0x08002818      0x104 ./Drivers/STM32F4xx_HAL_Driver/Src/stm32f4xx_hal_i2c.o
 .text.I2C_WaitOnFlagUntilTimeout
                0x0800291c       0xf4 ./Drivers/STM32F4xx_HAL_Driver/Src/stm32f4xx_hal_i2c.o
 .text.I2C_WaitOnMasterAddressFlagUntilTimeout
                0x08002a10      0x140 ./Drivers/STM32F4xx_HAL_Driver/Src/stm32f4xx_hal_i2c.o
 .text.I2C_WaitOnTXEFlagUntilTimeout
                0x08002b50       0x90 ./Drivers/STM32F4xx_HAL_Driver/Src/stm32f4xx_hal_i2c.o
 .text.I2C_WaitOnBTFFlagUntilTimeout
                0x08002be0       0x90 ./Drivers/STM32F4xx_HAL_Driver/Src/stm32f4xx_hal_i2c.o
 .text.I2C_IsAcknowledgeFailed
                0x08002c70       0x5e ./Drivers/STM32F4xx_HAL_Driver/Src/stm32f4xx_hal_i2c.o
 *fill*         0x08002cce        0x2 
 .text.HAL_RCC_OscConfig
                0x08002cd0      0x4f0 ./Drivers/STM32F4xx_HAL_Driver/Src/stm32f4xx_hal_rcc.o
                0x08002cd0                HAL_RCC_OscConfig
 .text.HAL_RCC_ClockConfig
                0x080031c0      0x1cc ./Drivers/STM32F4xx_HAL_Driver/Src/stm32f4xx_hal_rcc.o
                0x080031c0                HAL_RCC_ClockConfig
 .text.HAL_RCC_GetSysClockFreq
                0x0800338c      0x18c ./Drivers/STM32F4xx_HAL_Driver/Src/stm32f4xx_hal_rcc.o
                0x0800338c                HAL_RCC_GetSysClockFreq
 .text.HAL_RCC_GetHCLKFreq
                0x08003518       0x18 ./Drivers/STM32F4xx_HAL_Driver/Src/stm32f4xx_hal_rcc.o
                0x08003518                HAL_RCC_GetHCLKFreq
 .text.HAL_RCC_GetPCLK1Freq
                0x08003530       0x28 ./Drivers/STM32F4xx_HAL_Driver/Src/stm32f4xx_hal_rcc.o
                0x08003530                HAL_RCC_GetPCLK1Freq
 .text.HAL_RCC_GetClockConfig
                0x08003558       0x64 ./Drivers/STM32F4xx_HAL_Driver/Src/stm32f4xx_hal_rcc.o
                0x08003558                HAL_RCC_GetClockConfig
 .text.HAL_TIM_Base_Init
                0x080035bc       0x9e ./Drivers/STM32F4xx_HAL_Driver/Src/stm32f4xx_hal_tim.o
                0x080035bc                HAL_TIM_Base_Init
 *fill*         0x0800365a        0x2 
 .text.HAL_TIM_Base_Start_IT
                0x0800365c       0xc4 ./Drivers/STM32F4xx_HAL_Driver/Src/stm32f4xx_hal_tim.o
                0x0800365c                HAL_TIM_Base_Start_IT
 .text.HAL_TIM_IRQHandler
                0x08003720      0x1e0 ./Drivers/STM32F4xx_HAL_Driver/Src/stm32f4xx_hal_tim.o
                0x08003720                HAL_TIM_IRQHandler
 .text.HAL_TIM_ConfigClockSource
                0x08003900      0x18e ./Drivers/STM32F4xx_HAL_Driver/Src/stm32f4xx_hal_tim.o
                0x08003900                HAL_TIM_ConfigClockSource
 .text.HAL_TIM_PeriodElapsedCallback
                0x08003a8e       0x14 ./Drivers/STM32F4xx_HAL_Driver/Src/stm32f4xx_hal_tim.o
                0x08003a8e                HAL_TIM_PeriodElapsedCallback
 .text.HAL_TIM_OC_DelayElapsedCallback
                0x08003aa2       0x14 ./Drivers/STM32F4xx_HAL_Driver/Src/stm32f4xx_hal_tim.o
                0x08003aa2                HAL_TIM_OC_DelayElapsedCallback
 .text.HAL_TIM_IC_CaptureCallback
                0x08003ab6       0x14 ./Drivers/STM32F4xx_HAL_Driver/Src/stm32f4xx_hal_tim.o
                0x08003ab6                HAL_TIM_IC_CaptureCallback
 .text.HAL_TIM_PWM_PulseFinishedCallback
                0x08003aca       0x14 ./Drivers/STM32F4xx_HAL_Driver/Src/stm32f4xx_hal_tim.o
                0x08003aca                HAL_TIM_PWM_PulseFinishedCallback
 .text.HAL_TIM_TriggerCallback
                0x08003ade       0x14 ./Drivers/STM32F4xx_HAL_Driver/Src/stm32f4xx_hal_tim.o
                0x08003ade                HAL_TIM_TriggerCallback
 *fill*         0x08003af2        0x2 
 .text.TIM_Base_SetConfig
                0x08003af4      0x118 ./Drivers/STM32F4xx_HAL_Driver/Src/stm32f4xx_hal_tim.o
                0x08003af4                TIM_Base_SetConfig
 .text.TIM_TI1_ConfigInputStage
                0x08003c0c       0x5e ./Drivers/STM32F4xx_HAL_Driver/Src/stm32f4xx_hal_tim.o
 .text.TIM_TI2_ConfigInputStage
                0x08003c6a       0x60 ./Drivers/STM32F4xx_HAL_Driver/Src/stm32f4xx_hal_tim.o
 .text.TIM_ITRx_SetConfig
                0x08003cca       0x36 ./Drivers/STM32F4xx_HAL_Driver/Src/stm32f4xx_hal_tim.o
 .text.TIM_ETR_SetConfig
                0x08003d00       0x40 ./Drivers/STM32F4xx_HAL_Driver/Src/stm32f4xx_hal_tim.o
                0x08003d00                TIM_ETR_SetConfig
 .text.HAL_TIMEx_MasterConfigSynchronization
                0x08003d40       0xdc ./Drivers/STM32F4xx_HAL_Driver/Src/stm32f4xx_hal_tim_ex.o
                0x08003d40                HAL_TIMEx_MasterConfigSynchronization
 .text.HAL_TIMEx_CommutCallback
                0x08003e1c       0x14 ./Drivers/STM32F4xx_HAL_Driver/Src/stm32f4xx_hal_tim_ex.o
                0x08003e1c                HAL_TIMEx_CommutCallback
 .text.HAL_TIMEx_BreakCallback
                0x08003e30       0x14 ./Drivers/STM32F4xx_HAL_Driver/Src/stm32f4xx_hal_tim_ex.o
                0x08003e30                HAL_TIMEx_BreakCallback
 .text.vListInitialise
                0x08003e44       0x40 ./ThirdParty/FreeRTOS/Source/list.o
                0x08003e44                vListInitialise
 .text.vListInitialiseItem
                0x08003e84       0x1a ./ThirdParty/FreeRTOS/Source/list.o
                0x08003e84                vListInitialiseItem
 .text.vListInsert
                0x08003e9e       0x72 ./ThirdParty/FreeRTOS/Source/list.o
                0x08003e9e                vListInsert
 .text.uxListRemove
                0x08003f10       0x54 ./ThirdParty/FreeRTOS/Source/list.o
                0x08003f10                uxListRemove
 .text.xQueueGenericReset
                0x08003f64      0x124 ./ThirdParty/FreeRTOS/Source/queue.o
                0x08003f64                xQueueGenericReset
 .text.xQueueGenericCreate
                0x08004088       0x9e ./ThirdParty/FreeRTOS/Source/queue.o
                0x08004088                xQueueGenericCreate
 .text.prvInitialiseNewQueue
                0x08004126       0x46 ./ThirdParty/FreeRTOS/Source/queue.o
 .text.prvInitialiseMutex
                0x0800416c       0x34 ./ThirdParty/FreeRTOS/Source/queue.o
 .text.xQueueCreateMutex
                0x080041a0       0x30 ./ThirdParty/FreeRTOS/Source/queue.o
                0x080041a0                xQueueCreateMutex
 .text.xQueueGenericSend
                0x080041d0      0x204 ./ThirdParty/FreeRTOS/Source/queue.o
                0x080041d0                xQueueGenericSend
 .text.xQueueReceive
                0x080043d4      0x1c4 ./ThirdParty/FreeRTOS/Source/queue.o
                0x080043d4                xQueueReceive
 .text.xQueueSemaphoreTake
                0x08004598      0x200 ./ThirdParty/FreeRTOS/Source/queue.o
                0x08004598                xQueueSemaphoreTake
 .text.prvGetDisinheritPriorityAfterTimeout
                0x08004798       0x30 ./ThirdParty/FreeRTOS/Source/queue.o
 .text.prvCopyDataToQueue
                0x080047c8       0xd4 ./ThirdParty/FreeRTOS/Source/queue.o
 .text.prvCopyDataFromQueue
                0x0800489c       0x4c ./ThirdParty/FreeRTOS/Source/queue.o
 .text.prvUnlockQueue
                0x080048e8       0xa4 ./ThirdParty/FreeRTOS/Source/queue.o
 .text.prvIsQueueEmpty
                0x0800498c       0x2c ./ThirdParty/FreeRTOS/Source/queue.o
 .text.prvIsQueueFull
                0x080049b8       0x30 ./ThirdParty/FreeRTOS/Source/queue.o
 .text.vQueueAddToRegistry
                0x080049e8       0xa0 ./ThirdParty/FreeRTOS/Source/queue.o
                0x080049e8                vQueueAddToRegistry
 .text.vQueueWaitForMessageRestricted
                0x08004a88       0x68 ./ThirdParty/FreeRTOS/Source/queue.o
                0x08004a88                vQueueWaitForMessageRestricted
 .text.xTaskCreate
                0x08004af0       0x8c ./ThirdParty/FreeRTOS/Source/tasks.o
                0x08004af0                xTaskCreate
 .text.prvInitialiseNewTask
                0x08004b7c      0x120 ./ThirdParty/FreeRTOS/Source/tasks.o
 .text.prvAddNewTaskToReadyList
                0x08004c9c      0x12c ./ThirdParty/FreeRTOS/Source/tasks.o
 .text.vTaskDelay
                0x08004dc8       0x6c ./ThirdParty/FreeRTOS/Source/tasks.o
                0x08004dc8                vTaskDelay
 .text.uxTaskPriorityGet
                0x08004e34       0x34 ./ThirdParty/FreeRTOS/Source/tasks.o
                0x08004e34                uxTaskPriorityGet
 .text.vTaskPrioritySet
                0x08004e68      0x1a8 ./ThirdParty/FreeRTOS/Source/tasks.o
                0x08004e68                vTaskPrioritySet
 .text.vTaskStartScheduler
                0x08005010       0xa4 ./ThirdParty/FreeRTOS/Source/tasks.o
                0x08005010                vTaskStartScheduler
 .text.vTaskSuspendAll
                0x080050b4       0x1c ./ThirdParty/FreeRTOS/Source/tasks.o
                0x080050b4                vTaskSuspendAll
 .text.xTaskResumeAll
                0x080050d0      0x1f8 ./ThirdParty/FreeRTOS/Source/tasks.o
                0x080050d0                xTaskResumeAll
 .text.xTaskGetTickCount
                0x080052c8       0x20 ./ThirdParty/FreeRTOS/Source/tasks.o
                0x080052c8                xTaskGetTickCount
 .text.xTaskIncrementTick
                0x080052e8      0x230 ./ThirdParty/FreeRTOS/Source/tasks.o
                0x080052e8                xTaskIncrementTick
 .text.vTaskSwitchContext
                0x08005518       0xb8 ./ThirdParty/FreeRTOS/Source/tasks.o
                0x08005518                vTaskSwitchContext
 .text.vTaskPlaceOnEventList
                0x080055d0       0x4c ./ThirdParty/FreeRTOS/Source/tasks.o
                0x080055d0                vTaskPlaceOnEventList
 .text.vTaskPlaceOnEventListRestricted
                0x0800561c       0x8c ./ThirdParty/FreeRTOS/Source/tasks.o
                0x0800561c                vTaskPlaceOnEventListRestricted
 .text.xTaskRemoveFromEventList
                0x080056a8      0x1b0 ./ThirdParty/FreeRTOS/Source/tasks.o
                0x080056a8                xTaskRemoveFromEventList
 .text.vTaskInternalSetTimeOutState
                0x08005858       0x2c ./ThirdParty/FreeRTOS/Source/tasks.o
                0x08005858                vTaskInternalSetTimeOutState
 .text.xTaskCheckForTimeOut
                0x08005884       0xd0 ./ThirdParty/FreeRTOS/Source/tasks.o
                0x08005884                xTaskCheckForTimeOut
 .text.vTaskMissedYield
                0x08005954       0x18 ./ThirdParty/FreeRTOS/Source/tasks.o
                0x08005954                vTaskMissedYield
 .text.prvIdleTask
                0x0800596c       0x30 ./ThirdParty/FreeRTOS/Source/tasks.o
 .text.prvInitialiseTaskLists
                0x0800599c       0x80 ./ThirdParty/FreeRTOS/Source/tasks.o
 .text.prvCheckTasksWaitingTermination
                0x08005a1c       0x5c ./ThirdParty/FreeRTOS/Source/tasks.o
 .text.prvDeleteTCB
                0x08005a78       0x20 ./ThirdParty/FreeRTOS/Source/tasks.o
 .text.prvResetNextTaskUnblockTime
                0x08005a98       0x38 ./ThirdParty/FreeRTOS/Source/tasks.o
 .text.xTaskGetSchedulerState
                0x08005ad0       0x3c ./ThirdParty/FreeRTOS/Source/tasks.o
                0x08005ad0                xTaskGetSchedulerState
 .text.xTaskPriorityInherit
                0x08005b0c      0x13c ./ThirdParty/FreeRTOS/Source/tasks.o
                0x08005b0c                xTaskPriorityInherit
 .text.xTaskPriorityDisinherit
                0x08005c48      0x14c ./ThirdParty/FreeRTOS/Source/tasks.o
                0x08005c48                xTaskPriorityDisinherit
 .text.vTaskPriorityDisinheritAfterTimeout
                0x08005d94      0x174 ./ThirdParty/FreeRTOS/Source/tasks.o
                0x08005d94                vTaskPriorityDisinheritAfterTimeout
 .text.pvTaskIncrementMutexHeldCount
                0x08005f08       0x28 ./ThirdParty/FreeRTOS/Source/tasks.o
                0x08005f08                pvTaskIncrementMutexHeldCount
 .text.prvAddCurrentTaskToDelayedList
                0x08005f30      0x100 ./ThirdParty/FreeRTOS/Source/tasks.o
 .text.xTimerCreateTimerTask
                0x08006030       0x68 ./ThirdParty/FreeRTOS/Source/timers.o
                0x08006030                xTimerCreateTimerTask
 .text.prvReloadTimer
                0x08006098       0x42 ./ThirdParty/FreeRTOS/Source/timers.o
 *fill*         0x080060da        0x2 
 .text.prvProcessExpiredTimer
                0x080060dc       0x60 ./ThirdParty/FreeRTOS/Source/timers.o
 .text.prvTimerTask
                0x0800613c       0x26 ./ThirdParty/FreeRTOS/Source/timers.o
 *fill*         0x08006162        0x2 
 .text.prvProcessTimerOrBlockTask
                0x08006164       0x9c ./ThirdParty/FreeRTOS/Source/timers.o
 .text.prvGetNextExpireTime
                0x08006200       0x48 ./ThirdParty/FreeRTOS/Source/timers.o
 .text.prvSampleTimeNow
                0x08006248       0x40 ./ThirdParty/FreeRTOS/Source/timers.o
 .text.prvInsertTimerInActiveList
                0x08006288       0x84 ./ThirdParty/FreeRTOS/Source/timers.o
 .text.prvProcessReceivedCommands
                0x0800630c      0x184 ./ThirdParty/FreeRTOS/Source/timers.o
 .text.prvSwitchTimerLists
                0x08006490       0x4c ./ThirdParty/FreeRTOS/Source/timers.o
 .text.prvCheckForValidListAndQueue
                0x080064dc       0x6c ./ThirdParty/FreeRTOS/Source/timers.o
 .text.pxPortInitialiseStack
                0x08006548       0x68 ./ThirdParty/FreeRTOS/Source/portable/GCC/ARM_CM4F/port.o
                0x08006548                pxPortInitialiseStack
 .text.prvTaskExitError
                0x080065b0       0x5c ./ThirdParty/FreeRTOS/Source/portable/GCC/ARM_CM4F/port.o
 *fill*         0x0800660c        0x4 
 .text.SVC_Handler
                0x08006610       0x28 ./ThirdParty/FreeRTOS/Source/portable/GCC/ARM_CM4F/port.o
                0x08006610                SVC_Handler
 .text.prvPortStartFirstTask
                0x08006638       0x2c ./ThirdParty/FreeRTOS/Source/portable/GCC/ARM_CM4F/port.o
 .text.xPortStartScheduler
                0x08006664      0x148 ./ThirdParty/FreeRTOS/Source/portable/GCC/ARM_CM4F/port.o
                0x08006664                xPortStartScheduler
 .text.vPortEnterCritical
                0x080067ac       0x64 ./ThirdParty/FreeRTOS/Source/portable/GCC/ARM_CM4F/port.o
                0x080067ac                vPortEnterCritical
 .text.vPortExitCritical
                0x08006810       0x54 ./ThirdParty/FreeRTOS/Source/portable/GCC/ARM_CM4F/port.o
                0x08006810                vPortExitCritical
 *fill*         0x08006864        0xc 
 .text.PendSV_Handler
                0x08006870       0x68 ./ThirdParty/FreeRTOS/Source/portable/GCC/ARM_CM4F/port.o
                0x08006870                PendSV_Handler
 .text.SysTick_Handler
                0x080068d8       0x44 ./ThirdParty/FreeRTOS/Source/portable/GCC/ARM_CM4F/port.o
                0x080068d8                SysTick_Handler
 .text.vPortSetupTimerInterrupt
                0x0800691c       0x48 ./ThirdParty/FreeRTOS/Source/portable/GCC/ARM_CM4F/port.o
                0x0800691c                vPortSetupTimerInterrupt
 .text.vPortEnableVFP
                0x08006964       0x18 ./ThirdParty/FreeRTOS/Source/portable/GCC/ARM_CM4F/port.o
 .text.pvPortMalloc
                0x0800697c      0x178 ./ThirdParty/FreeRTOS/Source/portable/MemMang/heap_4.o
                0x0800697c                pvPortMalloc
 .text.vPortFree
                0x08006af4       0xbc ./ThirdParty/FreeRTOS/Source/portable/MemMang/heap_4.o
                0x08006af4                vPortFree
 .text.prvHeapInit
                0x08006bb0       0xb8 ./ThirdParty/FreeRTOS/Source/portable/MemMang/heap_4.o
 .text.prvInsertBlockIntoFreeList
                0x08006c68       0xb4 ./ThirdParty/FreeRTOS/Source/portable/MemMang/heap_4.o
 .text.sprintf  0x08006d1c       0x40 C:/ST/STM32CubeIDE_1.16.0/STM32CubeIDE/plugins/com.st.stm32cube.ide.mcu.externaltools.gnu-tools-for-stm32.12.3.rel1.win32_1.0.200.202406191623/tools/bin/../lib/gcc/arm-none-eabi/12.3.1/../../../../arm-none-eabi/lib/thumb/v7e-m+fp/hard\libc_nano.a(libc_a-sprintf.o)
                0x08006d1c                siprintf
                0x08006d1c                sprintf
 .text.memset   0x08006d5c       0x10 C:/ST/STM32CubeIDE_1.16.0/STM32CubeIDE/plugins/com.st.stm32cube.ide.mcu.externaltools.gnu-tools-for-stm32.12.3.rel1.win32_1.0.200.202406191623/tools/bin/../lib/gcc/arm-none-eabi/12.3.1/../../../../arm-none-eabi/lib/thumb/v7e-m+fp/hard\libc_nano.a(libc_a-memset.o)
                0x08006d5c                memset
 .text.__libc_init_array
                0x08006d6c       0x48 C:/ST/STM32CubeIDE_1.16.0/STM32CubeIDE/plugins/com.st.stm32cube.ide.mcu.externaltools.gnu-tools-for-stm32.12.3.rel1.win32_1.0.200.202406191623/tools/bin/../lib/gcc/arm-none-eabi/12.3.1/../../../../arm-none-eabi/lib/thumb/v7e-m+fp/hard\libc_nano.a(libc_a-init.o)
                0x08006d6c                __libc_init_array
 .text.__retarget_lock_acquire_recursive
                0x08006db4        0x2 C:/ST/STM32CubeIDE_1.16.0/STM32CubeIDE/plugins/com.st.stm32cube.ide.mcu.externaltools.gnu-tools-for-stm32.12.3.rel1.win32_1.0.200.202406191623/tools/bin/../lib/gcc/arm-none-eabi/12.3.1/../../../../arm-none-eabi/lib/thumb/v7e-m+fp/hard\libc_nano.a(libc_a-lock.o)
                0x08006db4                __retarget_lock_acquire_recursive
 .text.__retarget_lock_release_recursive
                0x08006db6        0x2 C:/ST/STM32CubeIDE_1.16.0/STM32CubeIDE/plugins/com.st.stm32cube.ide.mcu.externaltools.gnu-tools-for-stm32.12.3.rel1.win32_1.0.200.202406191623/tools/bin/../lib/gcc/arm-none-eabi/12.3.1/../../../../arm-none-eabi/lib/thumb/v7e-m+fp/hard\libc_nano.a(libc_a-lock.o)
                0x08006db6                __retarget_lock_release_recursive
 .text.memcpy   0x08006db8       0x1c C:/ST/STM32CubeIDE_1.16.0/STM32CubeIDE/plugins/com.st.stm32cube.ide.mcu.externaltools.gnu-tools-for-stm32.12.3.rel1.win32_1.0.200.202406191623/tools/bin/../lib/gcc/arm-none-eabi/12.3.1/../../../../arm-none-eabi/lib/thumb/v7e-m+fp/hard\libc_nano.a(libc_a-memcpy-stub.o)
                0x08006db8                memcpy
 .text._free_r  0x08006dd4       0x94 C:/ST/STM32CubeIDE_1.16.0/STM32CubeIDE/plugins/com.st.stm32cube.ide.mcu.externaltools.gnu-tools-for-stm32.12.3.rel1.win32_1.0.200.202406191623/tools/bin/../lib/gcc/arm-none-eabi/12.3.1/../../../../arm-none-eabi/lib/thumb/v7e-m+fp/hard\libc_nano.a(libc_a-freer.o)
                0x08006dd4                _free_r
 .text.sbrk_aligned
                0x08006e68       0x44 C:/ST/STM32CubeIDE_1.16.0/STM32CubeIDE/plugins/com.st.stm32cube.ide.mcu.externaltools.gnu-tools-for-stm32.12.3.rel1.win32_1.0.200.202406191623/tools/bin/../lib/gcc/arm-none-eabi/12.3.1/../../../../arm-none-eabi/lib/thumb/v7e-m+fp/hard\libc_nano.a(libc_a-mallocr.o)
 .text._malloc_r
                0x08006eac      0x100 C:/ST/STM32CubeIDE_1.16.0/STM32CubeIDE/plugins/com.st.stm32cube.ide.mcu.externaltools.gnu-tools-for-stm32.12.3.rel1.win32_1.0.200.202406191623/tools/bin/../lib/gcc/arm-none-eabi/12.3.1/../../../../arm-none-eabi/lib/thumb/v7e-m+fp/hard\libc_nano.a(libc_a-mallocr.o)
                0x08006eac                _malloc_r
 .text.__malloc_lock
                0x08006fac        0xc C:/ST/STM32CubeIDE_1.16.0/STM32CubeIDE/plugins/com.st.stm32cube.ide.mcu.externaltools.gnu-tools-for-stm32.12.3.rel1.win32_1.0.200.202406191623/tools/bin/../lib/gcc/arm-none-eabi/12.3.1/../../../../arm-none-eabi/lib/thumb/v7e-m+fp/hard\libc_nano.a(libc_a-mlock.o)
                0x08006fac                __malloc_lock
 .text.__malloc_unlock
                0x08006fb8        0xc C:/ST/STM32CubeIDE_1.16.0/STM32CubeIDE/plugins/com.st.stm32cube.ide.mcu.externaltools.gnu-tools-for-stm32.12.3.rel1.win32_1.0.200.202406191623/tools/bin/../lib/gcc/arm-none-eabi/12.3.1/../../../../arm-none-eabi/lib/thumb/v7e-m+fp/hard\libc_nano.a(libc_a-mlock.o)
                0x08006fb8                __malloc_unlock
 .text.__ssputs_r
                0x08006fc4       0xb6 C:/ST/STM32CubeIDE_1.16.0/STM32CubeIDE/plugins/com.st.stm32cube.ide.mcu.externaltools.gnu-tools-for-stm32.12.3.rel1.win32_1.0.200.202406191623/tools/bin/../lib/gcc/arm-none-eabi/12.3.1/../../../../arm-none-eabi/lib/thumb/v7e-m+fp/hard\libc_nano.a(libc_a-nano-svfprintf.o)
                0x08006fc4                __ssputs_r
 *fill*         0x0800707a        0x2 
 .text._svfprintf_r
                0x0800707c      0x1f8 C:/ST/STM32CubeIDE_1.16.0/STM32CubeIDE/plugins/com.st.stm32cube.ide.mcu.externaltools.gnu-tools-for-stm32.12.3.rel1.win32_1.0.200.202406191623/tools/bin/../lib/gcc/arm-none-eabi/12.3.1/../../../../arm-none-eabi/lib/thumb/v7e-m+fp/hard\libc_nano.a(libc_a-nano-svfprintf.o)
                0x0800707c                _svfiprintf_r
                0x0800707c                _svfprintf_r
 .text._printf_common
                0x08007274       0xda C:/ST/STM32CubeIDE_1.16.0/STM32CubeIDE/plugins/com.st.stm32cube.ide.mcu.externaltools.gnu-tools-for-stm32.12.3.rel1.win32_1.0.200.202406191623/tools/bin/../lib/gcc/arm-none-eabi/12.3.1/../../../../arm-none-eabi/lib/thumb/v7e-m+fp/hard\libc_nano.a(libc_a-nano-vfprintf_i.o)
                0x08007274                _printf_common
 *fill*         0x0800734e        0x2 
 .text._printf_i
                0x08007350      0x240 C:/ST/STM32CubeIDE_1.16.0/STM32CubeIDE/plugins/com.st.stm32cube.ide.mcu.externaltools.gnu-tools-for-stm32.12.3.rel1.win32_1.0.200.202406191623/tools/bin/../lib/gcc/arm-none-eabi/12.3.1/../../../../arm-none-eabi/lib/thumb/v7e-m+fp/hard\libc_nano.a(libc_a-nano-vfprintf_i.o)
                0x08007350                _printf_i
 .text.memmove  0x08007590       0x34 C:/ST/STM32CubeIDE_1.16.0/STM32CubeIDE/plugins/com.st.stm32cube.ide.mcu.externaltools.gnu-tools-for-stm32.12.3.rel1.win32_1.0.200.202406191623/tools/bin/../lib/gcc/arm-none-eabi/12.3.1/../../../../arm-none-eabi/lib/thumb/v7e-m+fp/hard\libc_nano.a(libc_a-memmove.o)
                0x08007590                memmove
 .text._sbrk_r  0x080075c4       0x20 C:/ST/STM32CubeIDE_1.16.0/STM32CubeIDE/plugins/com.st.stm32cube.ide.mcu.externaltools.gnu-tools-for-stm32.12.3.rel1.win32_1.0.200.202406191623/tools/bin/../lib/gcc/arm-none-eabi/12.3.1/../../../../arm-none-eabi/lib/thumb/v7e-m+fp/hard\libc_nano.a(libc_a-sbrkr.o)
                0x080075c4                _sbrk_r
 .text._realloc_r
                0x080075e4       0x5c C:/ST/STM32CubeIDE_1.16.0/STM32CubeIDE/plugins/com.st.stm32cube.ide.mcu.externaltools.gnu-tools-for-stm32.12.3.rel1.win32_1.0.200.202406191623/tools/bin/../lib/gcc/arm-none-eabi/12.3.1/../../../../arm-none-eabi/lib/thumb/v7e-m+fp/hard\libc_nano.a(libc_a-reallocr.o)
                0x080075e4                _realloc_r
 .text._malloc_usable_size_r
                0x08007640       0x10 C:/ST/STM32CubeIDE_1.16.0/STM32CubeIDE/plugins/com.st.stm32cube.ide.mcu.externaltools.gnu-tools-for-stm32.12.3.rel1.win32_1.0.200.202406191623/tools/bin/../lib/gcc/arm-none-eabi/12.3.1/../../../../arm-none-eabi/lib/thumb/v7e-m+fp/hard\libc_nano.a(libc_a-msizer.o)
                0x08007640                _malloc_usable_size_r
 .text._sbrk    0x08007650       0x1c C:/ST/STM32CubeIDE_1.16.0/STM32CubeIDE/plugins/com.st.stm32cube.ide.mcu.externaltools.gnu-tools-for-stm32.12.3.rel1.win32_1.0.200.202406191623/tools/bin/../lib/gcc/arm-none-eabi/12.3.1/../../../../arm-none-eabi/lib/thumb/v7e-m+fp/hard\libnosys.a(sbrk.o)
                0x08007650                _sbrk
 *(.glue_7)
 .glue_7        0x0800766c        0x0 linker stubs
 *(.glue_7t)
 .glue_7t       0x0800766c        0x0 linker stubs
 *(.eh_frame)
 .eh_frame      0x0800766c        0x0 C:/ST/STM32CubeIDE_1.16.0/STM32CubeIDE/plugins/com.st.stm32cube.ide.mcu.externaltools.gnu-tools-for-stm32.12.3.rel1.win32_1.0.200.202406191623/tools/bin/../lib/gcc/arm-none-eabi/12.3.1/thumb/v7e-m+fp/hard/crtbegin.o
 *(.init)
 .init          0x0800766c        0x4 C:/ST/STM32CubeIDE_1.16.0/STM32CubeIDE/plugins/com.st.stm32cube.ide.mcu.externaltools.gnu-tools-for-stm32.12.3.rel1.win32_1.0.200.202406191623/tools/bin/../lib/gcc/arm-none-eabi/12.3.1/thumb/v7e-m+fp/hard/crti.o
                0x0800766c                _init
 .init          0x08007670        0x8 C:/ST/STM32CubeIDE_1.16.0/STM32CubeIDE/plugins/com.st.stm32cube.ide.mcu.externaltools.gnu-tools-for-stm32.12.3.rel1.win32_1.0.200.202406191623/tools/bin/../lib/gcc/arm-none-eabi/12.3.1/thumb/v7e-m+fp/hard/crtn.o
 *(.fini)
 .fini          0x08007678        0x4 C:/ST/STM32CubeIDE_1.16.0/STM32CubeIDE/plugins/com.st.stm32cube.ide.mcu.externaltools.gnu-tools-for-stm32.12.3.rel1.win32_1.0.200.202406191623/tools/bin/../lib/gcc/arm-none-eabi/12.3.1/thumb/v7e-m+fp/hard/crti.o
                0x08007678                _fini
 .fini          0x0800767c        0x8 C:/ST/STM32CubeIDE_1.16.0/STM32CubeIDE/plugins/com.st.stm32cube.ide.mcu.externaltools.gnu-tools-for-stm32.12.3.rel1.win32_1.0.200.202406191623/tools/bin/../lib/gcc/arm-none-eabi/12.3.1/thumb/v7e-m+fp/hard/crtn.o
                0x08007684                        . = ALIGN (0x4)
                0x08007684                        _etext = .

.vfp11_veneer   0x08007684        0x0
 .vfp11_veneer  0x08007684        0x0 linker stubs

.v4_bx          0x08007684        0x0
 .v4_bx         0x08007684        0x0 linker stubs

.iplt           0x08007684        0x0
 .iplt          0x08007684        0x0 C:/ST/STM32CubeIDE_1.16.0/STM32CubeIDE/plugins/com.st.stm32cube.ide.mcu.externaltools.gnu-tools-for-stm32.12.3.rel1.win32_1.0.200.202406191623/tools/bin/../lib/gcc/arm-none-eabi/12.3.1/thumb/v7e-m+fp/hard/crtbegin.o

.rodata         0x08007684     0x2130
                0x08007684                        . = ALIGN (0x4)
 *(.rodata)
 .rodata        0x08007684       0x23 ./Core/Src/main.o
 *fill*         0x080076a7        0x1 
 .rodata        0x080076a8        0x5 ./ThirdParty/FreeRTOS/Source/tasks.o
 *fill*         0x080076ad        0x3 
 .rodata        0x080076b0        0xd ./ThirdParty/FreeRTOS/Source/timers.o
 *(.rodata*)
 *fill*         0x080076bd        0x3 
 .rodata.Font11x18
                0x080076c0      0xd5c ./Core/Src/fonts.o
                0x080076c0                Font11x18
 .rodata.Font16x26
                0x0800841c     0x134c ./Core/Src/fonts.o
                0x0800841c                Font16x26
 .rodata.AHBPrescTable
                0x08009768       0x10 ./Core/Src/system_stm32f4xx.o
                0x08009768                AHBPrescTable
 .rodata.APBPrescTable
                0x08009778        0x8 ./Core/Src/system_stm32f4xx.o
                0x08009778                APBPrescTable
 .rodata._svfprintf_r.str1.1
                0x08009780       0x11 C:/ST/STM32CubeIDE_1.16.0/STM32CubeIDE/plugins/com.st.stm32cube.ide.mcu.externaltools.gnu-tools-for-stm32.12.3.rel1.win32_1.0.200.202406191623/tools/bin/../lib/gcc/arm-none-eabi/12.3.1/../../../../arm-none-eabi/lib/thumb/v7e-m+fp/hard\libc_nano.a(libc_a-nano-svfprintf.o)
 .rodata._printf_i.str1.1
                0x08009791       0x22 C:/ST/STM32CubeIDE_1.16.0/STM32CubeIDE/plugins/com.st.stm32cube.ide.mcu.externaltools.gnu-tools-for-stm32.12.3.rel1.win32_1.0.200.202406191623/tools/bin/../lib/gcc/arm-none-eabi/12.3.1/../../../../arm-none-eabi/lib/thumb/v7e-m+fp/hard\libc_nano.a(libc_a-nano-vfprintf_i.o)
                0x080097b4                        . = ALIGN (0x4)
 *fill*         0x080097b3        0x1 

.ARM.extab      0x080097b4        0x0
                0x080097b4                        . = ALIGN (0x4)
 *(.ARM.extab* .gnu.linkonce.armextab.*)
                0x080097b4                        . = ALIGN (0x4)

.ARM            0x080097b4        0x8
                0x080097b4                        . = ALIGN (0x4)
                0x080097b4                        __exidx_start = .
 *(.ARM.exidx*)
 .ARM.exidx     0x080097b4        0x8 C:/ST/STM32CubeIDE_1.16.0/STM32CubeIDE/plugins/com.st.stm32cube.ide.mcu.externaltools.gnu-tools-for-stm32.12.3.rel1.win32_1.0.200.202406191623/tools/bin/../lib/gcc/arm-none-eabi/12.3.1/../../../../arm-none-eabi/lib/thumb/v7e-m+fp/hard\libc_nano.a(libc_a-memchr.o)
 .ARM.exidx     0x080097bc        0x0 C:/ST/STM32CubeIDE_1.16.0/STM32CubeIDE/plugins/com.st.stm32cube.ide.mcu.externaltools.gnu-tools-for-stm32.12.3.rel1.win32_1.0.200.202406191623/tools/bin/../lib/gcc/arm-none-eabi/12.3.1/thumb/v7e-m+fp/hard\libgcc.a(_udivmoddi4.o)
                                  0x8 (size before relaxing)
                0x080097bc                        __exidx_end = .
                0x080097bc                        . = ALIGN (0x4)

.preinit_array  0x080097bc        0x0
                0x080097bc                        . = ALIGN (0x4)
                0x080097bc                        PROVIDE (__preinit_array_start = .)
 *(.preinit_array*)
                0x080097bc                        PROVIDE (__preinit_array_end = .)
                0x080097bc                        . = ALIGN (0x4)

.init_array     0x080097bc        0x4
                0x080097bc                        . = ALIGN (0x4)
                0x080097bc                        PROVIDE (__init_array_start = .)
 *(SORT_BY_NAME(.init_array.*))
 *(.init_array*)
 .init_array    0x080097bc        0x4 C:/ST/STM32CubeIDE_1.16.0/STM32CubeIDE/plugins/com.st.stm32cube.ide.mcu.externaltools.gnu-tools-for-stm32.12.3.rel1.win32_1.0.200.202406191623/tools/bin/../lib/gcc/arm-none-eabi/12.3.1/thumb/v7e-m+fp/hard/crtbegin.o
                0x080097c0                        PROVIDE (__init_array_end = .)
                0x080097c0                        . = ALIGN (0x4)

.fini_array     0x080097c0        0x4
                0x080097c0                        . = ALIGN (0x4)
                [!provide]                        PROVIDE (__fini_array_start = .)
 *(SORT_BY_NAME(.fini_array.*))
 *(.fini_array*)
 .fini_array    0x080097c0        0x4 C:/ST/STM32CubeIDE_1.16.0/STM32CubeIDE/plugins/com.st.stm32cube.ide.mcu.externaltools.gnu-tools-for-stm32.12.3.rel1.win32_1.0.200.202406191623/tools/bin/../lib/gcc/arm-none-eabi/12.3.1/thumb/v7e-m+fp/hard/crtbegin.o
                [!provide]                        PROVIDE (__fini_array_end = .)
                0x080097c4                        . = ALIGN (0x4)
                0x080097c4                        _sidata = LOADADDR (.data)

.rel.dyn        0x080097c4        0x0
 .rel.iplt      0x080097c4        0x0 C:/ST/STM32CubeIDE_1.16.0/STM32CubeIDE/plugins/com.st.stm32cube.ide.mcu.externaltools.gnu-tools-for-stm32.12.3.rel1.win32_1.0.200.202406191623/tools/bin/../lib/gcc/arm-none-eabi/12.3.1/thumb/v7e-m+fp/hard/crtbegin.o

.data           0x20000000       0x78 load address 0x080097c4
                0x20000000                        . = ALIGN (0x4)
                0x20000000                        _sdata = .
 *(.data)
 *(.data*)
 .data.Font_11x18
                0x20000000        0x8 ./Core/Src/fonts.o
                0x20000000                Font_11x18
 .data.Font_16x26
                0x20000008        0x8 ./Core/Src/fonts.o
                0x20000008                Font_16x26
 .data.task1Deadline
                0x20000010        0x4 ./Core/Src/main.o
                0x20000010                task1Deadline
 .data.task2Deadline
                0x20000014        0x4 ./Core/Src/main.o
                0x20000014                task2Deadline
 .data.SystemCoreClock
                0x20000018        0x4 ./Core/Src/system_stm32f4xx.o
                0x20000018                SystemCoreClock
 .data.uwTickPrio
                0x2000001c        0x4 ./Drivers/STM32F4xx_HAL_Driver/Src/stm32f4xx_hal.o
                0x2000001c                uwTickPrio
 .data.uxTopUsedPriority
                0x20000020        0x4 ./ThirdParty/FreeRTOS/Source/tasks.o
                0x20000020                uxTopUsedPriority
 .data.uxCriticalNesting
                0x20000024        0x4 ./ThirdParty/FreeRTOS/Source/portable/GCC/ARM_CM4F/port.o
 .data._impure_ptr
                0x20000028        0x4 C:/ST/STM32CubeIDE_1.16.0/STM32CubeIDE/plugins/com.st.stm32cube.ide.mcu.externaltools.gnu-tools-for-stm32.12.3.rel1.win32_1.0.200.202406191623/tools/bin/../lib/gcc/arm-none-eabi/12.3.1/../../../../arm-none-eabi/lib/thumb/v7e-m+fp/hard\libc_nano.a(libc_a-impure.o)
                0x20000028                _impure_ptr
 .data._impure_data
                0x2000002c       0x4c C:/ST/STM32CubeIDE_1.16.0/STM32CubeIDE/plugins/com.st.stm32cube.ide.mcu.externaltools.gnu-tools-for-stm32.12.3.rel1.win32_1.0.200.202406191623/tools/bin/../lib/gcc/arm-none-eabi/12.3.1/../../../../arm-none-eabi/lib/thumb/v7e-m+fp/hard\libc_nano.a(libc_a-impure.o)
                0x2000002c                _impure_data
 *(.RamFunc)
 *(.RamFunc*)
                0x20000078                        . = ALIGN (0x4)
                0x20000078                        _edata = .

.igot.plt       0x20000078        0x0 load address 0x0800983c
 .igot.plt      0x20000078        0x0 C:/ST/STM32CubeIDE_1.16.0/STM32CubeIDE/plugins/com.st.stm32cube.ide.mcu.externaltools.gnu-tools-for-stm32.12.3.rel1.win32_1.0.200.202406191623/tools/bin/../lib/gcc/arm-none-eabi/12.3.1/thumb/v7e-m+fp/hard/crtbegin.o
                0x20000078                        . = ALIGN (0x4)

.bss            0x20000078     0xf838 load address 0x0800983c
                0x20000078                        _sbss = .
                0x20000078                        __bss_start__ = _sbss
 *(.bss)
 .bss           0x20000078       0x1c C:/ST/STM32CubeIDE_1.16.0/STM32CubeIDE/plugins/com.st.stm32cube.ide.mcu.externaltools.gnu-tools-for-stm32.12.3.rel1.win32_1.0.200.202406191623/tools/bin/../lib/gcc/arm-none-eabi/12.3.1/thumb/v7e-m+fp/hard/crtbegin.o
 *(.bss*)
 .bss.i2cMutex  0x20000094        0x4 ./Core/Src/main.o
                0x20000094                i2cMutex
 .bss.gpioMutex
                0x20000098        0x4 ./Core/Src/main.o
                0x20000098                gpioMutex
 .bss.hi2c1     0x2000009c       0x54 ./Core/Src/main.o
                0x2000009c                hi2c1
 .bss.htim1     0x200000f0       0x48 ./Core/Src/main.o
                0x200000f0                htim1
 .bss.pMillis   0x20000138        0x4 ./Core/Src/main.o
                0x20000138                pMillis
 .bss.Value1    0x2000013c        0x4 ./Core/Src/main.o
                0x2000013c                Value1
 .bss.Value2    0x20000140        0x4 ./Core/Src/main.o
                0x20000140                Value2
 .bss.Distance  0x20000144        0x2 ./Core/Src/main.o
                0x20000144                Distance
 *fill*         0x20000146        0x2 
 .bss.strCopy   0x20000148        0xf ./Core/Src/main.o
                0x20000148                strCopy
 *fill*         0x20000157        0x1 
 .bss.distanceQueue
                0x20000158        0x4 ./Core/Src/main.o
                0x20000158                distanceQueue
 .bss.task1_handle
                0x2000015c        0x4 ./Core/Src/main.o
                0x2000015c                task1_handle
 .bss.task2_handle
                0x20000160        0x4 ./Core/Src/main.o
                0x20000160                task2_handle
 .bss.originalTask1Priority
                0x20000164        0x4 ./Core/Src/main.o
                0x20000164                originalTask1Priority
 .bss.originalTask2Priority
                0x20000168        0x4 ./Core/Src/main.o
                0x20000168                originalTask2Priority
 .bss.SSD1306_Buffer
                0x2000016c      0x400 ./Core/Src/ssd1306.o
 .bss.SSD1306   0x2000056c        0x6 ./Core/Src/ssd1306.o
 *fill*         0x20000572        0x2 
 .bss.htim2     0x20000574       0x48 ./Core/Src/stm32f4xx_hal_timebase_tim.o
                0x20000574                htim2
 .bss.uwTick    0x200005bc        0x4 ./Drivers/STM32F4xx_HAL_Driver/Src/stm32f4xx_hal.o
                0x200005bc                uwTick
 .bss.xQueueRegistry
                0x200005c0       0x40 ./ThirdParty/FreeRTOS/Source/queue.o
                0x200005c0                xQueueRegistry
 .bss.pxCurrentTCB
                0x20000600        0x4 ./ThirdParty/FreeRTOS/Source/tasks.o
                0x20000600                pxCurrentTCB
 .bss.pxReadyTasksLists
                0x20000604       0x64 ./ThirdParty/FreeRTOS/Source/tasks.o
 .bss.xDelayedTaskList1
                0x20000668       0x14 ./ThirdParty/FreeRTOS/Source/tasks.o
 .bss.xDelayedTaskList2
                0x2000067c       0x14 ./ThirdParty/FreeRTOS/Source/tasks.o
 .bss.pxDelayedTaskList
                0x20000690        0x4 ./ThirdParty/FreeRTOS/Source/tasks.o
 .bss.pxOverflowDelayedTaskList
                0x20000694        0x4 ./ThirdParty/FreeRTOS/Source/tasks.o
 .bss.xPendingReadyList
                0x20000698       0x14 ./ThirdParty/FreeRTOS/Source/tasks.o
 .bss.xTasksWaitingTermination
                0x200006ac       0x14 ./ThirdParty/FreeRTOS/Source/tasks.o
 .bss.uxDeletedTasksWaitingCleanUp
                0x200006c0        0x4 ./ThirdParty/FreeRTOS/Source/tasks.o
 .bss.xSuspendedTaskList
                0x200006c4       0x14 ./ThirdParty/FreeRTOS/Source/tasks.o
 .bss.uxCurrentNumberOfTasks
                0x200006d8        0x4 ./ThirdParty/FreeRTOS/Source/tasks.o
 .bss.xTickCount
                0x200006dc        0x4 ./ThirdParty/FreeRTOS/Source/tasks.o
 .bss.uxTopReadyPriority
                0x200006e0        0x4 ./ThirdParty/FreeRTOS/Source/tasks.o
 .bss.xSchedulerRunning
                0x200006e4        0x4 ./ThirdParty/FreeRTOS/Source/tasks.o
 .bss.xPendedTicks
                0x200006e8        0x4 ./ThirdParty/FreeRTOS/Source/tasks.o
 .bss.xYieldPending
                0x200006ec        0x4 ./ThirdParty/FreeRTOS/Source/tasks.o
 .bss.xNumOfOverflows
                0x200006f0        0x4 ./ThirdParty/FreeRTOS/Source/tasks.o
 .bss.uxTaskNumber
                0x200006f4        0x4 ./ThirdParty/FreeRTOS/Source/tasks.o
 .bss.xNextTaskUnblockTime
                0x200006f8        0x4 ./ThirdParty/FreeRTOS/Source/tasks.o
 .bss.xIdleTaskHandle
                0x200006fc        0x4 ./ThirdParty/FreeRTOS/Source/tasks.o
 .bss.uxSchedulerSuspended
                0x20000700        0x4 ./ThirdParty/FreeRTOS/Source/tasks.o
 .bss.xActiveTimerList1
                0x20000704       0x14 ./ThirdParty/FreeRTOS/Source/timers.o
 .bss.xActiveTimerList2
                0x20000718       0x14 ./ThirdParty/FreeRTOS/Source/timers.o
 .bss.pxCurrentTimerList
                0x2000072c        0x4 ./ThirdParty/FreeRTOS/Source/timers.o
 .bss.pxOverflowTimerList
                0x20000730        0x4 ./ThirdParty/FreeRTOS/Source/timers.o
 .bss.xTimerQueue
                0x20000734        0x4 ./ThirdParty/FreeRTOS/Source/timers.o
 .bss.xTimerTaskHandle
                0x20000738        0x4 ./ThirdParty/FreeRTOS/Source/timers.o
 .bss.xLastTime.0
                0x2000073c        0x4 ./ThirdParty/FreeRTOS/Source/timers.o
 .bss.ucMaxSysCallPriority
                0x20000740        0x1 ./ThirdParty/FreeRTOS/Source/portable/GCC/ARM_CM4F/port.o
 *fill*         0x20000741        0x3 
 .bss.ulMaxPRIGROUPValue
                0x20000744        0x4 ./ThirdParty/FreeRTOS/Source/portable/GCC/ARM_CM4F/port.o
 .bss.ucHeap    0x20000748     0xf000 ./ThirdParty/FreeRTOS/Source/portable/MemMang/heap_4.o
 .bss.xStart    0x2000f748        0x8 ./ThirdParty/FreeRTOS/Source/portable/MemMang/heap_4.o
 .bss.pxEnd     0x2000f750        0x4 ./ThirdParty/FreeRTOS/Source/portable/MemMang/heap_4.o
 .bss.xFreeBytesRemaining
                0x2000f754        0x4 ./ThirdParty/FreeRTOS/Source/portable/MemMang/heap_4.o
 .bss.xMinimumEverFreeBytesRemaining
                0x2000f758        0x4 ./ThirdParty/FreeRTOS/Source/portable/MemMang/heap_4.o
 .bss.xNumberOfSuccessfulAllocations
                0x2000f75c        0x4 ./ThirdParty/FreeRTOS/Source/portable/MemMang/heap_4.o
 .bss.xNumberOfSuccessfulFrees
                0x2000f760        0x4 ./ThirdParty/FreeRTOS/Source/portable/MemMang/heap_4.o
 .bss.__sf      0x2000f764      0x138 C:/ST/STM32CubeIDE_1.16.0/STM32CubeIDE/plugins/com.st.stm32cube.ide.mcu.externaltools.gnu-tools-for-stm32.12.3.rel1.win32_1.0.200.202406191623/tools/bin/../lib/gcc/arm-none-eabi/12.3.1/../../../../arm-none-eabi/lib/thumb/v7e-m+fp/hard\libc_nano.a(libc_a-findfp.o)
                0x2000f764                __sf
 .bss.errno     0x2000f89c        0x4 C:/ST/STM32CubeIDE_1.16.0/STM32CubeIDE/plugins/com.st.stm32cube.ide.mcu.externaltools.gnu-tools-for-stm32.12.3.rel1.win32_1.0.200.202406191623/tools/bin/../lib/gcc/arm-none-eabi/12.3.1/../../../../arm-none-eabi/lib/thumb/v7e-m+fp/hard\libc_nano.a(libc_a-reent.o)
                0x2000f89c                errno
 .bss.__lock___malloc_recursive_mutex
                0x2000f8a0        0x1 C:/ST/STM32CubeIDE_1.16.0/STM32CubeIDE/plugins/com.st.stm32cube.ide.mcu.externaltools.gnu-tools-for-stm32.12.3.rel1.win32_1.0.200.202406191623/tools/bin/../lib/gcc/arm-none-eabi/12.3.1/../../../../arm-none-eabi/lib/thumb/v7e-m+fp/hard\libc_nano.a(libc_a-lock.o)
                0x2000f8a0                __lock___malloc_recursive_mutex
 *fill*         0x2000f8a1        0x3 
 .bss.__malloc_sbrk_start
                0x2000f8a4        0x4 C:/ST/STM32CubeIDE_1.16.0/STM32CubeIDE/plugins/com.st.stm32cube.ide.mcu.externaltools.gnu-tools-for-stm32.12.3.rel1.win32_1.0.200.202406191623/tools/bin/../lib/gcc/arm-none-eabi/12.3.1/../../../../arm-none-eabi/lib/thumb/v7e-m+fp/hard\libc_nano.a(libc_a-mallocr.o)
                0x2000f8a4                __malloc_sbrk_start
 .bss.__malloc_free_list
                0x2000f8a8        0x4 C:/ST/STM32CubeIDE_1.16.0/STM32CubeIDE/plugins/com.st.stm32cube.ide.mcu.externaltools.gnu-tools-for-stm32.12.3.rel1.win32_1.0.200.202406191623/tools/bin/../lib/gcc/arm-none-eabi/12.3.1/../../../../arm-none-eabi/lib/thumb/v7e-m+fp/hard\libc_nano.a(libc_a-mallocr.o)
                0x2000f8a8                __malloc_free_list
 .bss.heap_end.0
                0x2000f8ac        0x4 C:/ST/STM32CubeIDE_1.16.0/STM32CubeIDE/plugins/com.st.stm32cube.ide.mcu.externaltools.gnu-tools-for-stm32.12.3.rel1.win32_1.0.200.202406191623/tools/bin/../lib/gcc/arm-none-eabi/12.3.1/../../../../arm-none-eabi/lib/thumb/v7e-m+fp/hard\libnosys.a(sbrk.o)
 *(COMMON)
                0x2000f8b0                        . = ALIGN (0x4)
                0x2000f8b0                        _ebss = .
                0x2000f8b0                        __bss_end__ = _ebss

._user_heap_stack
                0x2000f8b0      0x600 load address 0x0800983c
                0x2000f8b0                        . = ALIGN (0x8)
                0x2000f8b0                        PROVIDE (end = .)
                [!provide]                        PROVIDE (_end = .)
                0x2000fab0                        . = (. + _Min_Heap_Size)
 *fill*         0x2000f8b0      0x200 
                0x2000feb0                        . = (. + _Min_Stack_Size)
 *fill*         0x2000fab0      0x400 
                0x2000feb0                        . = ALIGN (0x8)

/DISCARD/
 libc.a(*)
 libm.a(*)
 libgcc.a(*)

.ARM.attributes
                0x00000000       0x30
 *(.ARM.attributes)
 .ARM.attributes
                0x00000000       0x22 C:/ST/STM32CubeIDE_1.16.0/STM32CubeIDE/plugins/com.st.stm32cube.ide.mcu.externaltools.gnu-tools-for-stm32.12.3.rel1.win32_1.0.200.202406191623/tools/bin/../lib/gcc/arm-none-eabi/12.3.1/thumb/v7e-m+fp/hard/crti.o
 .ARM.attributes
                0x00000022       0x34 C:/ST/STM32CubeIDE_1.16.0/STM32CubeIDE/plugins/com.st.stm32cube.ide.mcu.externaltools.gnu-tools-for-stm32.12.3.rel1.win32_1.0.200.202406191623/tools/bin/../lib/gcc/arm-none-eabi/12.3.1/thumb/v7e-m+fp/hard/crtbegin.o
 .ARM.attributes
                0x00000056       0x34 ./Core/Src/fonts.o
 .ARM.attributes
                0x0000008a       0x34 ./Core/Src/main.o
 .ARM.attributes
                0x000000be       0x34 ./Core/Src/ssd1306.o
 .ARM.attributes
                0x000000f2       0x34 ./Core/Src/stm32f4xx_hal_msp.o
 .ARM.attributes
                0x00000126       0x34 ./Core/Src/stm32f4xx_hal_timebase_tim.o
 .ARM.attributes
                0x0000015a       0x34 ./Core/Src/stm32f4xx_it.o
 .ARM.attributes
                0x0000018e       0x34 ./Core/Src/system_stm32f4xx.o
 .ARM.attributes
                0x000001c2       0x21 ./Core/Startup/startup_stm32f401ccux.o
 .ARM.attributes
                0x000001e3       0x34 ./Drivers/STM32F4xx_HAL_Driver/Src/stm32f4xx_hal.o
 .ARM.attributes
                0x00000217       0x34 ./Drivers/STM32F4xx_HAL_Driver/Src/stm32f4xx_hal_cortex.o
 .ARM.attributes
                0x0000024b       0x34 ./Drivers/STM32F4xx_HAL_Driver/Src/stm32f4xx_hal_gpio.o
 .ARM.attributes
                0x0000027f       0x34 ./Drivers/STM32F4xx_HAL_Driver/Src/stm32f4xx_hal_i2c.o
 .ARM.attributes
                0x000002b3       0x34 ./Drivers/STM32F4xx_HAL_Driver/Src/stm32f4xx_hal_rcc.o
 .ARM.attributes
                0x000002e7       0x34 ./Drivers/STM32F4xx_HAL_Driver/Src/stm32f4xx_hal_tim.o
 .ARM.attributes
                0x0000031b       0x34 ./Drivers/STM32F4xx_HAL_Driver/Src/stm32f4xx_hal_tim_ex.o
 .ARM.attributes
                0x0000034f       0x34 ./ThirdParty/FreeRTOS/Source/list.o
 .ARM.attributes
                0x00000383       0x34 ./ThirdParty/FreeRTOS/Source/queue.o
 .ARM.attributes
                0x000003b7       0x34 ./ThirdParty/FreeRTOS/Source/tasks.o
 .ARM.attributes
                0x000003eb       0x34 ./ThirdParty/FreeRTOS/Source/timers.o
 .ARM.attributes
                0x0000041f       0x34 ./ThirdParty/FreeRTOS/Source/portable/GCC/ARM_CM4F/port.o
 .ARM.attributes
                0x00000453       0x34 ./ThirdParty/FreeRTOS/Source/portable/MemMang/heap_4.o
 .ARM.attributes
                0x00000487       0x34 C:/ST/STM32CubeIDE_1.16.0/STM32CubeIDE/plugins/com.st.stm32cube.ide.mcu.externaltools.gnu-tools-for-stm32.12.3.rel1.win32_1.0.200.202406191623/tools/bin/../lib/gcc/arm-none-eabi/12.3.1/../../../../arm-none-eabi/lib/thumb/v7e-m+fp/hard\libc_nano.a(libc_a-findfp.o)
 .ARM.attributes
                0x000004bb       0x34 C:/ST/STM32CubeIDE_1.16.0/STM32CubeIDE/plugins/com.st.stm32cube.ide.mcu.externaltools.gnu-tools-for-stm32.12.3.rel1.win32_1.0.200.202406191623/tools/bin/../lib/gcc/arm-none-eabi/12.3.1/../../../../arm-none-eabi/lib/thumb/v7e-m+fp/hard\libc_nano.a(libc_a-sprintf.o)
 .ARM.attributes
                0x000004ef       0x34 C:/ST/STM32CubeIDE_1.16.0/STM32CubeIDE/plugins/com.st.stm32cube.ide.mcu.externaltools.gnu-tools-for-stm32.12.3.rel1.win32_1.0.200.202406191623/tools/bin/../lib/gcc/arm-none-eabi/12.3.1/../../../../arm-none-eabi/lib/thumb/v7e-m+fp/hard\libc_nano.a(libc_a-memset.o)
 .ARM.attributes
                0x00000523       0x34 C:/ST/STM32CubeIDE_1.16.0/STM32CubeIDE/plugins/com.st.stm32cube.ide.mcu.externaltools.gnu-tools-for-stm32.12.3.rel1.win32_1.0.200.202406191623/tools/bin/../lib/gcc/arm-none-eabi/12.3.1/../../../../arm-none-eabi/lib/thumb/v7e-m+fp/hard\libc_nano.a(libc_a-reent.o)
 .ARM.attributes
                0x00000557       0x34 C:/ST/STM32CubeIDE_1.16.0/STM32CubeIDE/plugins/com.st.stm32cube.ide.mcu.externaltools.gnu-tools-for-stm32.12.3.rel1.win32_1.0.200.202406191623/tools/bin/../lib/gcc/arm-none-eabi/12.3.1/../../../../arm-none-eabi/lib/thumb/v7e-m+fp/hard\libc_nano.a(libc_a-impure.o)
 .ARM.attributes
                0x0000058b       0x34 C:/ST/STM32CubeIDE_1.16.0/STM32CubeIDE/plugins/com.st.stm32cube.ide.mcu.externaltools.gnu-tools-for-stm32.12.3.rel1.win32_1.0.200.202406191623/tools/bin/../lib/gcc/arm-none-eabi/12.3.1/../../../../arm-none-eabi/lib/thumb/v7e-m+fp/hard\libc_nano.a(libc_a-init.o)
 .ARM.attributes
                0x000005bf       0x34 C:/ST/STM32CubeIDE_1.16.0/STM32CubeIDE/plugins/com.st.stm32cube.ide.mcu.externaltools.gnu-tools-for-stm32.12.3.rel1.win32_1.0.200.202406191623/tools/bin/../lib/gcc/arm-none-eabi/12.3.1/../../../../arm-none-eabi/lib/thumb/v7e-m+fp/hard\libc_nano.a(libc_a-lock.o)
 .ARM.attributes
                0x000005f3       0x34 C:/ST/STM32CubeIDE_1.16.0/STM32CubeIDE/plugins/com.st.stm32cube.ide.mcu.externaltools.gnu-tools-for-stm32.12.3.rel1.win32_1.0.200.202406191623/tools/bin/../lib/gcc/arm-none-eabi/12.3.1/../../../../arm-none-eabi/lib/thumb/v7e-m+fp/hard\libc_nano.a(libc_a-memcpy-stub.o)
 .ARM.attributes
                0x00000627       0x34 C:/ST/STM32CubeIDE_1.16.0/STM32CubeIDE/plugins/com.st.stm32cube.ide.mcu.externaltools.gnu-tools-for-stm32.12.3.rel1.win32_1.0.200.202406191623/tools/bin/../lib/gcc/arm-none-eabi/12.3.1/../../../../arm-none-eabi/lib/thumb/v7e-m+fp/hard\libc_nano.a(libc_a-freer.o)
 .ARM.attributes
                0x0000065b       0x34 C:/ST/STM32CubeIDE_1.16.0/STM32CubeIDE/plugins/com.st.stm32cube.ide.mcu.externaltools.gnu-tools-for-stm32.12.3.rel1.win32_1.0.200.202406191623/tools/bin/../lib/gcc/arm-none-eabi/12.3.1/../../../../arm-none-eabi/lib/thumb/v7e-m+fp/hard\libc_nano.a(libc_a-mallocr.o)
 .ARM.attributes
                0x0000068f       0x34 C:/ST/STM32CubeIDE_1.16.0/STM32CubeIDE/plugins/com.st.stm32cube.ide.mcu.externaltools.gnu-tools-for-stm32.12.3.rel1.win32_1.0.200.202406191623/tools/bin/../lib/gcc/arm-none-eabi/12.3.1/../../../../arm-none-eabi/lib/thumb/v7e-m+fp/hard\libc_nano.a(libc_a-mlock.o)
 .ARM.attributes
                0x000006c3       0x34 C:/ST/STM32CubeIDE_1.16.0/STM32CubeIDE/plugins/com.st.stm32cube.ide.mcu.externaltools.gnu-tools-for-stm32.12.3.rel1.win32_1.0.200.202406191623/tools/bin/../lib/gcc/arm-none-eabi/12.3.1/../../../../arm-none-eabi/lib/thumb/v7e-m+fp/hard\libc_nano.a(libc_a-nano-svfprintf.o)
 .ARM.attributes
                0x000006f7       0x34 C:/ST/STM32CubeIDE_1.16.0/STM32CubeIDE/plugins/com.st.stm32cube.ide.mcu.externaltools.gnu-tools-for-stm32.12.3.rel1.win32_1.0.200.202406191623/tools/bin/../lib/gcc/arm-none-eabi/12.3.1/../../../../arm-none-eabi/lib/thumb/v7e-m+fp/hard\libc_nano.a(libc_a-nano-vfprintf_i.o)
 .ARM.attributes
                0x0000072b       0x34 C:/ST/STM32CubeIDE_1.16.0/STM32CubeIDE/plugins/com.st.stm32cube.ide.mcu.externaltools.gnu-tools-for-stm32.12.3.rel1.win32_1.0.200.202406191623/tools/bin/../lib/gcc/arm-none-eabi/12.3.1/../../../../arm-none-eabi/lib/thumb/v7e-m+fp/hard\libc_nano.a(libc_a-memmove.o)
 .ARM.attributes
                0x0000075f       0x34 C:/ST/STM32CubeIDE_1.16.0/STM32CubeIDE/plugins/com.st.stm32cube.ide.mcu.externaltools.gnu-tools-for-stm32.12.3.rel1.win32_1.0.200.202406191623/tools/bin/../lib/gcc/arm-none-eabi/12.3.1/../../../../arm-none-eabi/lib/thumb/v7e-m+fp/hard\libc_nano.a(libc_a-sbrkr.o)
 .ARM.attributes
                0x00000793       0x1c C:/ST/STM32CubeIDE_1.16.0/STM32CubeIDE/plugins/com.st.stm32cube.ide.mcu.externaltools.gnu-tools-for-stm32.12.3.rel1.win32_1.0.200.202406191623/tools/bin/../lib/gcc/arm-none-eabi/12.3.1/../../../../arm-none-eabi/lib/thumb/v7e-m+fp/hard\libc_nano.a(libc_a-memchr.o)
 .ARM.attributes
                0x000007af       0x34 C:/ST/STM32CubeIDE_1.16.0/STM32CubeIDE/plugins/com.st.stm32cube.ide.mcu.externaltools.gnu-tools-for-stm32.12.3.rel1.win32_1.0.200.202406191623/tools/bin/../lib/gcc/arm-none-eabi/12.3.1/../../../../arm-none-eabi/lib/thumb/v7e-m+fp/hard\libc_nano.a(libc_a-reallocr.o)
 .ARM.attributes
                0x000007e3       0x34 C:/ST/STM32CubeIDE_1.16.0/STM32CubeIDE/plugins/com.st.stm32cube.ide.mcu.externaltools.gnu-tools-for-stm32.12.3.rel1.win32_1.0.200.202406191623/tools/bin/../lib/gcc/arm-none-eabi/12.3.1/../../../../arm-none-eabi/lib/thumb/v7e-m+fp/hard\libc_nano.a(libc_a-msizer.o)
 .ARM.attributes
                0x00000817       0x22 C:/ST/STM32CubeIDE_1.16.0/STM32CubeIDE/plugins/com.st.stm32cube.ide.mcu.externaltools.gnu-tools-for-stm32.12.3.rel1.win32_1.0.200.202406191623/tools/bin/../lib/gcc/arm-none-eabi/12.3.1/thumb/v7e-m+fp/hard\libgcc.a(_arm_addsubdf3.o)
 .ARM.attributes
                0x00000839       0x22 C:/ST/STM32CubeIDE_1.16.0/STM32CubeIDE/plugins/com.st.stm32cube.ide.mcu.externaltools.gnu-tools-for-stm32.12.3.rel1.win32_1.0.200.202406191623/tools/bin/../lib/gcc/arm-none-eabi/12.3.1/thumb/v7e-m+fp/hard\libgcc.a(_arm_muldivdf3.o)
 .ARM.attributes
                0x0000085b       0x22 C:/ST/STM32CubeIDE_1.16.0/STM32CubeIDE/plugins/com.st.stm32cube.ide.mcu.externaltools.gnu-tools-for-stm32.12.3.rel1.win32_1.0.200.202406191623/tools/bin/../lib/gcc/arm-none-eabi/12.3.1/thumb/v7e-m+fp/hard\libgcc.a(_arm_fixunsdfsi.o)
 .ARM.attributes
                0x0000087d       0x22 C:/ST/STM32CubeIDE_1.16.0/STM32CubeIDE/plugins/com.st.stm32cube.ide.mcu.externaltools.gnu-tools-for-stm32.12.3.rel1.win32_1.0.200.202406191623/tools/bin/../lib/gcc/arm-none-eabi/12.3.1/thumb/v7e-m+fp/hard\libgcc.a(_aeabi_uldivmod.o)
 .ARM.attributes
                0x0000089f       0x34 C:/ST/STM32CubeIDE_1.16.0/STM32CubeIDE/plugins/com.st.stm32cube.ide.mcu.externaltools.gnu-tools-for-stm32.12.3.rel1.win32_1.0.200.202406191623/tools/bin/../lib/gcc/arm-none-eabi/12.3.1/thumb/v7e-m+fp/hard\libgcc.a(_udivmoddi4.o)
 .ARM.attributes
                0x000008d3       0x22 C:/ST/STM32CubeIDE_1.16.0/STM32CubeIDE/plugins/com.st.stm32cube.ide.mcu.externaltools.gnu-tools-for-stm32.12.3.rel1.win32_1.0.200.202406191623/tools/bin/../lib/gcc/arm-none-eabi/12.3.1/thumb/v7e-m+fp/hard\libgcc.a(_dvmd_tls.o)
 .ARM.attributes
                0x000008f5       0x34 C:/ST/STM32CubeIDE_1.16.0/STM32CubeIDE/plugins/com.st.stm32cube.ide.mcu.externaltools.gnu-tools-for-stm32.12.3.rel1.win32_1.0.200.202406191623/tools/bin/../lib/gcc/arm-none-eabi/12.3.1/../../../../arm-none-eabi/lib/thumb/v7e-m+fp/hard\libnosys.a(sbrk.o)
 .ARM.attributes
                0x00000929       0x22 C:/ST/STM32CubeIDE_1.16.0/STM32CubeIDE/plugins/com.st.stm32cube.ide.mcu.externaltools.gnu-tools-for-stm32.12.3.rel1.win32_1.0.200.202406191623/tools/bin/../lib/gcc/arm-none-eabi/12.3.1/thumb/v7e-m+fp/hard/crtn.o
OUTPUT(eval1.elf elf32-littlearm)
LOAD linker stubs
LOAD C:/ST/STM32CubeIDE_1.16.0/STM32CubeIDE/plugins/com.st.stm32cube.ide.mcu.externaltools.gnu-tools-for-stm32.12.3.rel1.win32_1.0.200.202406191623/tools/bin/../lib/gcc/arm-none-eabi/12.3.1/../../../../arm-none-eabi/lib/thumb/v7e-m+fp/hard\libc.a
LOAD C:/ST/STM32CubeIDE_1.16.0/STM32CubeIDE/plugins/com.st.stm32cube.ide.mcu.externaltools.gnu-tools-for-stm32.12.3.rel1.win32_1.0.200.202406191623/tools/bin/../lib/gcc/arm-none-eabi/12.3.1/../../../../arm-none-eabi/lib/thumb/v7e-m+fp/hard\libm.a
LOAD C:/ST/STM32CubeIDE_1.16.0/STM32CubeIDE/plugins/com.st.stm32cube.ide.mcu.externaltools.gnu-tools-for-stm32.12.3.rel1.win32_1.0.200.202406191623/tools/bin/../lib/gcc/arm-none-eabi/12.3.1/thumb/v7e-m+fp/hard\libgcc.a

.debug_info     0x00000000    0x131ee
 .debug_info    0x00000000      0x255 ./Core/Src/fonts.o
 .debug_info    0x00000255     0x154e ./Core/Src/main.o
 .debug_info    0x000017a3     0x1086 ./Core/Src/ssd1306.o
 .debug_info    0x00002829     0x131d ./Core/Src/stm32f4xx_hal_msp.o
 .debug_info    0x00003b46      0xb7d ./Core/Src/stm32f4xx_hal_timebase_tim.o
 .debug_info    0x000046c3      0x6a4 ./Core/Src/stm32f4xx_it.o
 .debug_info    0x00004d67      0x53e ./Core/Src/system_stm32f4xx.o
 .debug_info    0x000052a5       0x30 ./Core/Startup/startup_stm32f401ccux.o
 .debug_info    0x000052d5      0x8bb ./Drivers/STM32F4xx_HAL_Driver/Src/stm32f4xx_hal.o
 .debug_info    0x00005b90      0xcc1 ./Drivers/STM32F4xx_HAL_Driver/Src/stm32f4xx_hal_cortex.o
 .debug_info    0x00006851      0x6f9 ./Drivers/STM32F4xx_HAL_Driver/Src/stm32f4xx_hal_gpio.o
 .debug_info    0x00006f4a     0x2426 ./Drivers/STM32F4xx_HAL_Driver/Src/stm32f4xx_hal_i2c.o
 .debug_info    0x00009370      0x8f3 ./Drivers/STM32F4xx_HAL_Driver/Src/stm32f4xx_hal_rcc.o
 .debug_info    0x00009c63     0x2996 ./Drivers/STM32F4xx_HAL_Driver/Src/stm32f4xx_hal_tim.o
 .debug_info    0x0000c5f9     0x14d4 ./Drivers/STM32F4xx_HAL_Driver/Src/stm32f4xx_hal_tim_ex.o
 .debug_info    0x0000dacd      0x2af ./ThirdParty/FreeRTOS/Source/list.o
 .debug_info    0x0000dd7c     0x184f ./ThirdParty/FreeRTOS/Source/queue.o
 .debug_info    0x0000f5cb     0x2401 ./ThirdParty/FreeRTOS/Source/tasks.o
 .debug_info    0x000119cc      0xe20 ./ThirdParty/FreeRTOS/Source/timers.o
 .debug_info    0x000127ec      0x4e1 ./ThirdParty/FreeRTOS/Source/portable/GCC/ARM_CM4F/port.o
 .debug_info    0x00012ccd      0x521 ./ThirdParty/FreeRTOS/Source/portable/MemMang/heap_4.o

.debug_abbrev   0x00000000     0x2f91
 .debug_abbrev  0x00000000      0x11c ./Core/Src/fonts.o
 .debug_abbrev  0x0000011c      0x37e ./Core/Src/main.o
 .debug_abbrev  0x0000049a      0x31c ./Core/Src/ssd1306.o
 .debug_abbrev  0x000007b6      0x21d ./Core/Src/stm32f4xx_hal_msp.o
 .debug_abbrev  0x000009d3      0x207 ./Core/Src/stm32f4xx_hal_timebase_tim.o
 .debug_abbrev  0x00000bda      0x190 ./Core/Src/stm32f4xx_it.o
 .debug_abbrev  0x00000d6a      0x11a ./Core/Src/system_stm32f4xx.o
 .debug_abbrev  0x00000e84       0x24 ./Core/Startup/startup_stm32f401ccux.o
 .debug_abbrev  0x00000ea8      0x24b ./Drivers/STM32F4xx_HAL_Driver/Src/stm32f4xx_hal.o
 .debug_abbrev  0x000010f3      0x328 ./Drivers/STM32F4xx_HAL_Driver/Src/stm32f4xx_hal_cortex.o
 .debug_abbrev  0x0000141b      0x1d3 ./Drivers/STM32F4xx_HAL_Driver/Src/stm32f4xx_hal_gpio.o
 .debug_abbrev  0x000015ee      0x2bc ./Drivers/STM32F4xx_HAL_Driver/Src/stm32f4xx_hal_i2c.o
 .debug_abbrev  0x000018aa      0x2b5 ./Drivers/STM32F4xx_HAL_Driver/Src/stm32f4xx_hal_rcc.o
 .debug_abbrev  0x00001b5f      0x28b ./Drivers/STM32F4xx_HAL_Driver/Src/stm32f4xx_hal_tim.o
 .debug_abbrev  0x00001dea      0x296 ./Drivers/STM32F4xx_HAL_Driver/Src/stm32f4xx_hal_tim_ex.o
 .debug_abbrev  0x00002080       0xf5 ./ThirdParty/FreeRTOS/Source/list.o
 .debug_abbrev  0x00002175      0x323 ./ThirdParty/FreeRTOS/Source/queue.o
 .debug_abbrev  0x00002498      0x37e ./ThirdParty/FreeRTOS/Source/tasks.o
 .debug_abbrev  0x00002816      0x2cb ./ThirdParty/FreeRTOS/Source/timers.o
 .debug_abbrev  0x00002ae1      0x25a ./ThirdParty/FreeRTOS/Source/portable/GCC/ARM_CM4F/port.o
 .debug_abbrev  0x00002d3b      0x256 ./ThirdParty/FreeRTOS/Source/portable/MemMang/heap_4.o

.debug_aranges  0x00000000     0x12b0
 .debug_aranges
                0x00000000       0x20 ./Core/Src/fonts.o
 .debug_aranges
                0x00000020       0x68 ./Core/Src/main.o
 .debug_aranges
                0x00000088       0xf8 ./Core/Src/ssd1306.o
 .debug_aranges
                0x00000180       0x60 ./Core/Src/stm32f4xx_hal_msp.o
 .debug_aranges
                0x000001e0       0x30 ./Core/Src/stm32f4xx_hal_timebase_tim.o
 .debug_aranges
                0x00000210       0x50 ./Core/Src/stm32f4xx_it.o
 .debug_aranges
                0x00000260       0x28 ./Core/Src/system_stm32f4xx.o
 .debug_aranges
                0x00000288       0x28 ./Core/Startup/startup_stm32f401ccux.o
 .debug_aranges
                0x000002b0       0xf0 ./Drivers/STM32F4xx_HAL_Driver/Src/stm32f4xx_hal.o
 .debug_aranges
                0x000003a0      0x120 ./Drivers/STM32F4xx_HAL_Driver/Src/stm32f4xx_hal_cortex.o
 .debug_aranges
                0x000004c0       0x58 ./Drivers/STM32F4xx_HAL_Driver/Src/stm32f4xx_hal_gpio.o
 .debug_aranges
                0x00000518      0x2a8 ./Drivers/STM32F4xx_HAL_Driver/Src/stm32f4xx_hal_i2c.o
 .debug_aranges
                0x000007c0       0x88 ./Drivers/STM32F4xx_HAL_Driver/Src/stm32f4xx_hal_rcc.o
 .debug_aranges
                0x00000848      0x3d0 ./Drivers/STM32F4xx_HAL_Driver/Src/stm32f4xx_hal_tim.o
 .debug_aranges
                0x00000c18      0x168 ./Drivers/STM32F4xx_HAL_Driver/Src/stm32f4xx_hal_tim_ex.o
 .debug_aranges
                0x00000d80       0x40 ./ThirdParty/FreeRTOS/Source/list.o
 .debug_aranges
                0x00000dc0      0x130 ./ThirdParty/FreeRTOS/Source/queue.o
 .debug_aranges
                0x00000ef0      0x1f8 ./ThirdParty/FreeRTOS/Source/tasks.o
 .debug_aranges
                0x000010e8       0xe8 ./ThirdParty/FreeRTOS/Source/timers.o
 .debug_aranges
                0x000011d0       0x80 ./ThirdParty/FreeRTOS/Source/portable/GCC/ARM_CM4F/port.o
 .debug_aranges
                0x00001250       0x60 ./ThirdParty/FreeRTOS/Source/portable/MemMang/heap_4.o

.debug_rnglists
                0x00000000      0xe95
 .debug_rnglists
                0x00000000       0x13 ./Core/Src/fonts.o
 .debug_rnglists
                0x00000013       0x4f ./Core/Src/main.o
 .debug_rnglists
                0x00000062       0xc2 ./Core/Src/ssd1306.o
 .debug_rnglists
                0x00000124       0x46 ./Core/Src/stm32f4xx_hal_msp.o
 .debug_rnglists
                0x0000016a       0x20 ./Core/Src/stm32f4xx_hal_timebase_tim.o
 .debug_rnglists
                0x0000018a       0x37 ./Core/Src/stm32f4xx_it.o
 .debug_rnglists
                0x000001c1       0x1a ./Core/Src/system_stm32f4xx.o
 .debug_rnglists
                0x000001db       0x19 ./Core/Startup/startup_stm32f401ccux.o
 .debug_rnglists
                0x000001f4       0xaf ./Drivers/STM32F4xx_HAL_Driver/Src/stm32f4xx_hal.o
 .debug_rnglists
                0x000002a3       0xd4 ./Drivers/STM32F4xx_HAL_Driver/Src/stm32f4xx_hal_cortex.o
 .debug_rnglists
                0x00000377       0x3f ./Drivers/STM32F4xx_HAL_Driver/Src/stm32f4xx_hal_gpio.o
 .debug_rnglists
                0x000003b6      0x23c ./Drivers/STM32F4xx_HAL_Driver/Src/stm32f4xx_hal_i2c.o
 .debug_rnglists
                0x000005f2       0x66 ./Drivers/STM32F4xx_HAL_Driver/Src/stm32f4xx_hal_rcc.o
 .debug_rnglists
                0x00000658      0x31a ./Drivers/STM32F4xx_HAL_Driver/Src/stm32f4xx_hal_tim.o
 .debug_rnglists
                0x00000972      0x125 ./Drivers/STM32F4xx_HAL_Driver/Src/stm32f4xx_hal_tim_ex.o
 .debug_rnglists
                0x00000a97       0x2b ./ThirdParty/FreeRTOS/Source/list.o
 .debug_rnglists
                0x00000ac2       0xec ./ThirdParty/FreeRTOS/Source/queue.o
 .debug_rnglists
                0x00000bae      0x195 ./ThirdParty/FreeRTOS/Source/tasks.o
 .debug_rnglists
                0x00000d43       0xad ./ThirdParty/FreeRTOS/Source/timers.o
 .debug_rnglists
                0x00000df0       0x5d ./ThirdParty/FreeRTOS/Source/portable/GCC/ARM_CM4F/port.o
 .debug_rnglists
                0x00000e4d       0x48 ./ThirdParty/FreeRTOS/Source/portable/MemMang/heap_4.o

.debug_macro    0x00000000    0x196b1
 .debug_macro   0x00000000      0x2e7 ./Core/Src/fonts.o
 .debug_macro   0x000002e7      0xab4 ./Core/Src/fonts.o
 .debug_macro   0x00000d9b      0x2a7 ./Core/Src/fonts.o
 .debug_macro   0x00001042       0x2e ./Core/Src/fonts.o
 .debug_macro   0x00001070       0x28 ./Core/Src/fonts.o
 .debug_macro   0x00001098       0x22 ./Core/Src/fonts.o
 .debug_macro   0x000010ba       0x8e ./Core/Src/fonts.o
 .debug_macro   0x00001148       0x51 ./Core/Src/fonts.o
 .debug_macro   0x00001199      0x103 ./Core/Src/fonts.o
 .debug_macro   0x0000129c       0x6a ./Core/Src/fonts.o
 .debug_macro   0x00001306      0x1df ./Core/Src/fonts.o
 .debug_macro   0x000014e5       0x1c ./Core/Src/fonts.o
 .debug_macro   0x00001501       0x22 ./Core/Src/fonts.o
 .debug_macro   0x00001523       0xfb ./Core/Src/fonts.o
 .debug_macro   0x0000161e     0x1011 ./Core/Src/fonts.o
 .debug_macro   0x0000262f      0x11f ./Core/Src/fonts.o
 .debug_macro   0x0000274e     0xb86c ./Core/Src/fonts.o
 .debug_macro   0x0000dfba       0x6d ./Core/Src/fonts.o
 .debug_macro   0x0000e027     0x368c ./Core/Src/fonts.o
 .debug_macro   0x000116b3      0x189 ./Core/Src/fonts.o
 .debug_macro   0x0001183c       0x5c ./Core/Src/fonts.o
 .debug_macro   0x00011898      0x416 ./Core/Src/fonts.o
 .debug_macro   0x00011cae      0x9e9 ./Core/Src/fonts.o
 .debug_macro   0x00012697      0x115 ./Core/Src/fonts.o
 .debug_macro   0x000127ac       0xf8 ./Core/Src/fonts.o
 .debug_macro   0x000128a4       0xa5 ./Core/Src/fonts.o
 .debug_macro   0x00012949      0x15f ./Core/Src/fonts.o
 .debug_macro   0x00012aa8      0x287 ./Core/Src/fonts.o
 .debug_macro   0x00012d2f       0x5f ./Core/Src/fonts.o
 .debug_macro   0x00012d8e      0x236 ./Core/Src/fonts.o
 .debug_macro   0x00012fc4      0x9e1 ./Core/Src/fonts.o
 .debug_macro   0x000139a5      0x38b ./Core/Src/fonts.o
 .debug_macro   0x00013d30      0x176 ./Core/Src/fonts.o
 .debug_macro   0x00013ea6       0xf9 ./Core/Src/fonts.o
 .debug_macro   0x00013f9f      0x132 ./Core/Src/fonts.o
 .debug_macro   0x000140d1      0x23a ./Core/Src/fonts.o
 .debug_macro   0x0001430b       0x2e ./Core/Src/fonts.o
 .debug_macro   0x00014339      0x1b5 ./Core/Src/fonts.o
 .debug_macro   0x000144ee       0x22 ./Core/Src/fonts.o
 .debug_macro   0x00014510       0xd6 ./Core/Src/fonts.o
 .debug_macro   0x000145e6      0x127 ./Core/Src/fonts.o
 .debug_macro   0x0001470d       0x85 ./Core/Src/fonts.o
 .debug_macro   0x00014792       0x89 ./Core/Src/fonts.o
 .debug_macro   0x0001481b      0x8ed ./Core/Src/fonts.o
 .debug_macro   0x00015108       0x47 ./Core/Src/fonts.o
 .debug_macro   0x0001514f      0x2aa ./Core/Src/fonts.o
 .debug_macro   0x000153f9      0x126 ./Core/Src/fonts.o
 .debug_macro   0x0001551f       0x61 ./Core/Src/fonts.o
 .debug_macro   0x00015580       0x2a ./Core/Src/fonts.o
 .debug_macro   0x000155aa       0x43 ./Core/Src/fonts.o
 .debug_macro   0x000155ed       0x34 ./Core/Src/fonts.o
 .debug_macro   0x00015621       0x16 ./Core/Src/fonts.o
 .debug_macro   0x00015637       0x43 ./Core/Src/fonts.o
 .debug_macro   0x0001567a       0x34 ./Core/Src/fonts.o
 .debug_macro   0x000156ae       0x10 ./Core/Src/fonts.o
 .debug_macro   0x000156be       0x58 ./Core/Src/fonts.o
 .debug_macro   0x00015716       0x8e ./Core/Src/fonts.o
 .debug_macro   0x000157a4       0x1c ./Core/Src/fonts.o
 .debug_macro   0x000157c0      0x177 ./Core/Src/fonts.o
 .debug_macro   0x00015937      0x369 ./Core/Src/fonts.o
 .debug_macro   0x00015ca0       0x10 ./Core/Src/fonts.o
 .debug_macro   0x00015cb0       0x35 ./Core/Src/fonts.o
 .debug_macro   0x00015ce5       0x20 ./Core/Src/fonts.o
 .debug_macro   0x00015d05      0x43b ./Core/Src/main.o
 .debug_macro   0x00016140      0x100 ./Core/Src/main.o
 .debug_macro   0x00016240      0x15a ./Core/Src/main.o
 .debug_macro   0x0001639a       0xea ./Core/Src/main.o
 .debug_macro   0x00016484       0x28 ./Core/Src/main.o
 .debug_macro   0x000164ac       0x1f ./Core/Src/main.o
 .debug_macro   0x000164cb       0x12 ./Core/Src/main.o
 .debug_macro   0x000164dd      0x526 ./Core/Src/main.o
 .debug_macro   0x00016a03       0xc3 ./Core/Src/main.o
 .debug_macro   0x00016ac6      0x120 ./Core/Src/main.o
 .debug_macro   0x00016be6       0x80 ./Core/Src/main.o
 .debug_macro   0x00016c66       0x77 ./Core/Src/main.o
 .debug_macro   0x00016cdd       0x16 ./Core/Src/main.o
 .debug_macro   0x00016cf3       0x16 ./Core/Src/main.o
 .debug_macro   0x00016d09       0x29 ./Core/Src/main.o
 .debug_macro   0x00016d32       0x1d ./Core/Src/main.o
 .debug_macro   0x00016d4f       0x1c ./Core/Src/main.o
 .debug_macro   0x00016d6b       0x10 ./Core/Src/main.o
 .debug_macro   0x00016d7b       0x1c ./Core/Src/main.o
 .debug_macro   0x00016d97       0x16 ./Core/Src/main.o
 .debug_macro   0x00016dad      0x146 ./Core/Src/main.o
 .debug_macro   0x00016ef3      0x372 ./Core/Src/ssd1306.o
 .debug_macro   0x00017265      0x219 ./Core/Src/stm32f4xx_hal_msp.o
 .debug_macro   0x0001747e      0x20f ./Core/Src/stm32f4xx_hal_timebase_tim.o
 .debug_macro   0x0001768d      0x223 ./Core/Src/stm32f4xx_it.o
 .debug_macro   0x000178b0      0x20f ./Core/Src/system_stm32f4xx.o
 .debug_macro   0x00017abf      0x26f ./Drivers/STM32F4xx_HAL_Driver/Src/stm32f4xx_hal.o
 .debug_macro   0x00017d2e      0x20f ./Drivers/STM32F4xx_HAL_Driver/Src/stm32f4xx_hal_cortex.o
 .debug_macro   0x00017f3d      0x215 ./Drivers/STM32F4xx_HAL_Driver/Src/stm32f4xx_hal_gpio.o
 .debug_macro   0x00018152      0x25d ./Drivers/STM32F4xx_HAL_Driver/Src/stm32f4xx_hal_i2c.o
 .debug_macro   0x000183af      0x233 ./Drivers/STM32F4xx_HAL_Driver/Src/stm32f4xx_hal_rcc.o
 .debug_macro   0x000185e2      0x210 ./Drivers/STM32F4xx_HAL_Driver/Src/stm32f4xx_hal_tim.o
 .debug_macro   0x000187f2      0x20f ./Drivers/STM32F4xx_HAL_Driver/Src/stm32f4xx_hal_tim_ex.o
 .debug_macro   0x00018a01      0x198 ./ThirdParty/FreeRTOS/Source/list.o
 .debug_macro   0x00018b99      0x22f ./ThirdParty/FreeRTOS/Source/queue.o
 .debug_macro   0x00018dc8       0x16 ./ThirdParty/FreeRTOS/Source/queue.o
 .debug_macro   0x00018dde      0x27e ./ThirdParty/FreeRTOS/Source/tasks.o
 .debug_macro   0x0001905c       0x17 ./ThirdParty/FreeRTOS/Source/tasks.o
 .debug_macro   0x00019073      0x1e7 ./ThirdParty/FreeRTOS/Source/timers.o
 .debug_macro   0x0001925a       0x97 ./ThirdParty/FreeRTOS/Source/timers.o
 .debug_macro   0x000192f1      0x1a7 ./ThirdParty/FreeRTOS/Source/portable/GCC/ARM_CM4F/port.o
 .debug_macro   0x00019498      0x219 ./ThirdParty/FreeRTOS/Source/portable/MemMang/heap_4.o

.debug_line     0x00000000    0x165f6
 .debug_line    0x00000000      0x930 ./Core/Src/fonts.o
 .debug_line    0x00000930      0xde8 ./Core/Src/main.o
 .debug_line    0x00001718     0x10f7 ./Core/Src/ssd1306.o
 .debug_line    0x0000280f      0x8f3 ./Core/Src/stm32f4xx_hal_msp.o
 .debug_line    0x00003102      0x842 ./Core/Src/stm32f4xx_hal_timebase_tim.o
 .debug_line    0x00003944      0x863 ./Core/Src/stm32f4xx_it.o
 .debug_line    0x000041a7      0x84b ./Core/Src/system_stm32f4xx.o
 .debug_line    0x000049f2       0x7a ./Core/Startup/startup_stm32f401ccux.o
 .debug_line    0x00004a6c      0xab4 ./Drivers/STM32F4xx_HAL_Driver/Src/stm32f4xx_hal.o
 .debug_line    0x00005520      0xd7c ./Drivers/STM32F4xx_HAL_Driver/Src/stm32f4xx_hal_cortex.o
 .debug_line    0x0000629c      0xc04 ./Drivers/STM32F4xx_HAL_Driver/Src/stm32f4xx_hal_gpio.o
 .debug_line    0x00006ea0     0x3bfa ./Drivers/STM32F4xx_HAL_Driver/Src/stm32f4xx_hal_i2c.o
 .debug_line    0x0000aa9a      0xe25 ./Drivers/STM32F4xx_HAL_Driver/Src/stm32f4xx_hal_rcc.o
 .debug_line    0x0000b8bf     0x3632 ./Drivers/STM32F4xx_HAL_Driver/Src/stm32f4xx_hal_tim.o
 .debug_line    0x0000eef1     0x1a45 ./Drivers/STM32F4xx_HAL_Driver/Src/stm32f4xx_hal_tim_ex.o
 .debug_line    0x00010936      0x7c9 ./ThirdParty/FreeRTOS/Source/list.o
 .debug_line    0x000110ff     0x16d5 ./ThirdParty/FreeRTOS/Source/queue.o
 .debug_line    0x000127d4     0x1e1f ./ThirdParty/FreeRTOS/Source/tasks.o
 .debug_line    0x000145f3      0xd10 ./ThirdParty/FreeRTOS/Source/timers.o
 .debug_line    0x00015303      0x8a9 ./ThirdParty/FreeRTOS/Source/portable/GCC/ARM_CM4F/port.o
 .debug_line    0x00015bac      0xa4a ./ThirdParty/FreeRTOS/Source/portable/MemMang/heap_4.o

.debug_str      0x00000000    0xa4c14
 .debug_str     0x00000000    0x9635b ./Core/Src/fonts.o
                              0x96601 (size before relaxing)
 .debug_str     0x0009635b     0x7443 ./Core/Src/main.o
                              0x9db17 (size before relaxing)
 .debug_str     0x0009d79e      0x4ed ./Core/Src/ssd1306.o
                              0x97148 (size before relaxing)
 .debug_str     0x0009dc8b      0x40b ./Core/Src/stm32f4xx_hal_msp.o
                              0x9418a (size before relaxing)
 .debug_str     0x0009e096      0x4a9 ./Core/Src/stm32f4xx_hal_timebase_tim.o
                              0x93f5b (size before relaxing)
 .debug_str     0x0009e53f       0xb5 ./Core/Src/stm32f4xx_it.o
                              0x939b1 (size before relaxing)
 .debug_str     0x0009e5f4       0xdb ./Core/Src/system_stm32f4xx.o
                              0x935c6 (size before relaxing)
 .debug_str     0x0009e6cf       0x44 ./Core/Startup/startup_stm32f401ccux.o
                                 0x7d (size before relaxing)
 .debug_str     0x0009e713      0x5d3 ./Drivers/STM32F4xx_HAL_Driver/Src/stm32f4xx_hal.o
                              0x93fe8 (size before relaxing)
 .debug_str     0x0009ece6      0x347 ./Drivers/STM32F4xx_HAL_Driver/Src/stm32f4xx_hal_cortex.o
                              0x93d20 (size before relaxing)
 .debug_str     0x0009f02d      0x110 ./Drivers/STM32F4xx_HAL_Driver/Src/stm32f4xx_hal_gpio.o
                              0x93741 (size before relaxing)
 .debug_str     0x0009f13d      0xb0d ./Drivers/STM32F4xx_HAL_Driver/Src/stm32f4xx_hal_i2c.o
                              0x945d7 (size before relaxing)
 .debug_str     0x0009fc4a      0x1f2 ./Drivers/STM32F4xx_HAL_Driver/Src/stm32f4xx_hal_rcc.o
                              0x939fa (size before relaxing)
 .debug_str     0x0009fe3c      0xddb ./Drivers/STM32F4xx_HAL_Driver/Src/stm32f4xx_hal_tim.o
                              0x9493e (size before relaxing)
 .debug_str     0x000a0c17      0x493 ./Drivers/STM32F4xx_HAL_Driver/Src/stm32f4xx_hal_tim_ex.o
                              0x9414a (size before relaxing)
 .debug_str     0x000a10aa      0x18a ./ThirdParty/FreeRTOS/Source/list.o
                               0xb141 (size before relaxing)
 .debug_str     0x000a1234      0xc4b ./ThirdParty/FreeRTOS/Source/queue.o
                               0xd840 (size before relaxing)
 .debug_str     0x000a1e7f     0x1a8f ./ThirdParty/FreeRTOS/Source/tasks.o
                               0xe252 (size before relaxing)
 .debug_str     0x000a390e      0x54b ./ThirdParty/FreeRTOS/Source/timers.o
                               0xd9c0 (size before relaxing)
 .debug_str     0x000a3e59      0x7dd ./ThirdParty/FreeRTOS/Source/portable/GCC/ARM_CM4F/port.o
                               0x9988 (size before relaxing)
 .debug_str     0x000a4636      0x5de ./ThirdParty/FreeRTOS/Source/portable/MemMang/heap_4.o
                               0xc96b (size before relaxing)

.comment        0x00000000       0x43
 .comment       0x00000000       0x43 ./Core/Src/fonts.o
                                 0x44 (size before relaxing)
 .comment       0x00000043       0x44 ./Core/Src/main.o
 .comment       0x00000043       0x44 ./Core/Src/ssd1306.o
 .comment       0x00000043       0x44 ./Core/Src/stm32f4xx_hal_msp.o
 .comment       0x00000043       0x44 ./Core/Src/stm32f4xx_hal_timebase_tim.o
 .comment       0x00000043       0x44 ./Core/Src/stm32f4xx_it.o
 .comment       0x00000043       0x44 ./Core/Src/system_stm32f4xx.o
 .comment       0x00000043       0x44 ./Drivers/STM32F4xx_HAL_Driver/Src/stm32f4xx_hal.o
 .comment       0x00000043       0x44 ./Drivers/STM32F4xx_HAL_Driver/Src/stm32f4xx_hal_cortex.o
 .comment       0x00000043       0x44 ./Drivers/STM32F4xx_HAL_Driver/Src/stm32f4xx_hal_gpio.o