../Core/Src/main.c:87:6:update_task_priorities	24	static
../Core/Src/main.c:106:13:task1_handler	24	static
../Core/Src/main.c:148:13:task2_handler	24	static
../Core/Src/main.c:185:6:SystemClock_Config	88	static
../Core/Src/main.c:217:13:MX_I2C1_Init	8	static
../Core/Src/main.c:232:13:MX_TIM1_Init	32	static
../Core/Src/main.c:256:13:MX_GPIO_Init	32	static
../Core/Src/main.c:266:6:create_semaphores	8	static
../Core/Src/main.c:275:5:main	32	static,ignoring_inline_asm
../Core/Src/main.c:307:6:Error_Handler	4	static,ignoring_inline_asm
